Archive member included to satisfy reference by file (symbol)

.\CortexM3\ARM_GCC_541\Debug\RG.a(Button_Right_1.o)
                              .\CortexM3\ARM_GCC_541\Debug\button.o (Button_Right_1_Read)
.\CortexM3\ARM_GCC_541\Debug\RG.a(Button_Left_1.o)
                              .\CortexM3\ARM_GCC_541\Debug\button.o (Button_Left_1_Read)
.\CortexM3\ARM_GCC_541\Debug\RG.a(Button_Left_2.o)
                              .\CortexM3\ARM_GCC_541\Debug\button.o (Button_Left_2_Read)
.\CortexM3\ARM_GCC_541\Debug\RG.a(PWM_RGB_blue.o)
                              .\CortexM3\ARM_GCC_541\Debug\PWM.o (PWM_RGB_blue_WriteCompare)
.\CortexM3\ARM_GCC_541\Debug\RG.a(UART_Logs.o)
                              .\CortexM3\ARM_GCC_541\Debug\reactionGame.o (UART_Logs_Start)
.\CortexM3\ARM_GCC_541\Debug\RG.a(UART_Logs_INT.o)
                              .\CortexM3\ARM_GCC_541\Debug\RG.a(UART_Logs.o) (UART_Logs_RXISR)
.\CortexM3\ARM_GCC_541\Debug\RG.a(Button_Right_2.o)
                              .\CortexM3\ARM_GCC_541\Debug\button.o (Button_Right_2_Read)
.\CortexM3\ARM_GCC_541\Debug\RG.a(ErikaOS_ee_activate.o)
                              .\CortexM3\ARM_GCC_541\Debug\main.o (EE_oo_ActivateTask)
.\CortexM3\ARM_GCC_541\Debug\RG.a(ErikaOS_ee_alsetrel.o)
                              .\CortexM3\ARM_GCC_541\Debug\main.o (EE_oo_SetRelAlarm)
.\CortexM3\ARM_GCC_541\Debug\RG.a(ErikaOS_ee_altick.o)
                              .\CortexM3\ARM_GCC_541\Debug\RG.a(ErikaOS_ee_alsetrel.o) (EE_oo_counter_object_insert)
.\CortexM3\ARM_GCC_541\Debug\RG.a(ErikaOS_ee_evclear.o)
                              .\CortexM3\ARM_GCC_541\Debug\main.o (EE_oo_ClearEvent)
.\CortexM3\ARM_GCC_541\Debug\RG.a(ErikaOS_ee_evget.o)
                              .\CortexM3\ARM_GCC_541\Debug\main.o (EE_oo_GetEvent)
.\CortexM3\ARM_GCC_541\Debug\RG.a(ErikaOS_ee_evset.o)
                              .\CortexM3\ARM_GCC_541\Debug\main.o (EE_oo_SetEvent)
.\CortexM3\ARM_GCC_541\Debug\RG.a(ErikaOS_ee_evwait.o)
                              .\CortexM3\ARM_GCC_541\Debug\main.o (EE_oo_WaitEvent)
.\CortexM3\ARM_GCC_541\Debug\RG.a(ErikaOS_ee_irqendin.o)
                              .\CortexM3\ARM_GCC_541\Debug\main.o (EE_IRQ_end_post_stub)
.\CortexM3\ARM_GCC_541\Debug\RG.a(ErikaOS_ee_lookup.o)
                              .\CortexM3\ARM_GCC_541\Debug\RG.a(ErikaOS_ee_irqendin.o) (EE_oo_IRQ_disable_count)
.\CortexM3\ARM_GCC_541\Debug\RG.a(ErikaOS_ee_rq_exchg.o)
                              .\CortexM3\ARM_GCC_541\Debug\RG.a(ErikaOS_ee_activate.o) (EE_rq2stk_exchange)
.\CortexM3\ARM_GCC_541\Debug\RG.a(ErikaOS_ee_rq_first.o)
                              .\CortexM3\ARM_GCC_541\Debug\RG.a(ErikaOS_ee_activate.o) (EE_rq_queryfirst)
.\CortexM3\ARM_GCC_541\Debug\RG.a(ErikaOS_ee_rq_inser.o)
                              .\CortexM3\ARM_GCC_541\Debug\RG.a(ErikaOS_ee_activate.o) (EE_rq_insert)
.\CortexM3\ARM_GCC_541\Debug\RG.a(ErikaOS_ee_startos.o)
                              .\CortexM3\ARM_GCC_541\Debug\main.o (EE_oo_StartOS)
.\CortexM3\ARM_GCC_541\Debug\RG.a(ErikaOS_ee_terminat.o)
                              .\CortexM3\ARM_GCC_541\Debug\main.o (EE_oo_TerminateTask)
.\CortexM3\ARM_GCC_541\Debug\RG.a(ErikaOS_cortex_mx_ee_utils.o)
                              .\CortexM3\ARM_GCC_541\Debug\main.o (EE_system_init)
.\CortexM3\ARM_GCC_541\Debug\RG.a(ErikaOS_common_ee_hal_structs.o)
                              .\CortexM3\ARM_GCC_541\Debug\RG.a(ErikaOS_ee_irqendin.o) (EE_std_endcycle_next_tid)
.\CortexM3\ARM_GCC_541\Debug\RG.a(ErikaOS_eecfg.o)
                              .\CortexM3\ARM_GCC_541\Debug\RG.a(ErikaOS_ee_startos.o) (EE_oo_autostart_task_data)
.\CortexM3\ARM_GCC_541\Debug\RG.a(Clock_Counter_RG.o)
                              .\CortexM3\ARM_GCC_541\Debug\reactionGame.o (Clock_Counter_RG_Start)
.\CortexM3\ARM_GCC_541\Debug\RG.a(Counter.o)
                              .\CortexM3\ARM_GCC_541\Debug\reactionGame.o (Counter_Stop)
.\CortexM3\ARM_GCC_541\Debug\RG.a(SEVEN_reg.o)
                              .\CortexM3\ARM_GCC_541\Debug\seven.o (SEVEN_reg_Write)
.\CortexM3\ARM_GCC_541\Debug\RG.a(SEVEN_SELECT.o)
                              .\CortexM3\ARM_GCC_541\Debug\seven.o (SEVEN_SELECT_Write)
.\CortexM3\ARM_GCC_541\Debug\RG.a(SEVEN_DP.o)
                              .\CortexM3\ARM_GCC_541\Debug\seven.o (SEVEN_DP_Write)
.\CortexM3\ARM_GCC_541\Debug\RG.a(PWM_led_red.o)
                              .\CortexM3\ARM_GCC_541\Debug\PWM.o (PWM_led_red_WriteCompare)
.\CortexM3\ARM_GCC_541\Debug\RG.a(PWM_led_yellow.o)
                              .\CortexM3\ARM_GCC_541\Debug\PWM.o (PWM_led_yellow_WriteCompare)
.\CortexM3\ARM_GCC_541\Debug\RG.a(PWM_led_green.o)
                              .\CortexM3\ARM_GCC_541\Debug\PWM.o (PWM_led_green_WriteCompare)
.\CortexM3\ARM_GCC_541\Debug\RG.a(PWM_RGB_green.o)
                              .\CortexM3\ARM_GCC_541\Debug\PWM.o (PWM_RGB_green_WriteCompare)
.\CortexM3\ARM_GCC_541\Debug\RG.a(PWM_RGB_red.o)
[...]
Memory Configuration

Name             Origin             Length             Attributes
rom              0x00000000         0x00040000         xr
ram              0x1fff8000         0x00010000         xrw
*default*        0x00000000         0xffffffff

Linker script and memory map

LOAD c:/program files (x86)/cypress/psoc creator/4.4/psoc creator/import/gnu/arm/5.4.1/bin/../lib/gcc/arm-none-eabi/5.4.1/armv7-m/crti.o
LOAD c:/program files (x86)/cypress/psoc creator/4.4/psoc creator/import/gnu/arm/5.4.1/bin/../lib/gcc/arm-none-eabi/5.4.1/armv7-m/crtbegin.o
LOAD c:/program files (x86)/cypress/psoc creator/4.4/psoc creator/import/gnu/arm/5.4.1/bin/../lib/gcc/arm-none-eabi/5.4.1/../../../../arm-none-eabi/lib/armv7-m/crt0.o
START GROUP
LOAD .\CortexM3\ARM_GCC_541\Debug\arcadian.o
LOAD .\CortexM3\ARM_GCC_541\Debug\main.o
LOAD .\CortexM3\ARM_GCC_541\Debug\reactionGame.o
LOAD .\CortexM3\ARM_GCC_541\Debug\button.o
LOAD .\CortexM3\ARM_GCC_541\Debug\PWM.o
LOAD .\CortexM3\ARM_GCC_541\Debug\seven.o
LOAD .\CortexM3\ARM_GCC_541\Debug\cyfitter_cfg.o
LOAD .\CortexM3\ARM_GCC_541\Debug\cymetadata.o
LOAD .\CortexM3\ARM_GCC_541\Debug\Cm3Start.o
LOAD .\CortexM3\ARM_GCC_541\Debug\RG.a
LOAD C:\Program Files (x86)\Cypress\PSoC Creator\4.4\PSoC Creator\psoc\content\cycomponentlibrary\CyComponentLibrary.cylib\CortexM3\ARM_GCC_541\Debug\CyComponentLibrary.a
END GROUP
START GROUP
LOAD c:/program files (x86)/cypress/psoc creator/4.4/psoc creator/import/gnu/arm/5.4.1/bin/../lib/gcc/arm-none-eabi/5.4.1/armv7-m\libgcc.a
LOAD c:/program files (x86)/cypress/psoc creator/4.4/psoc creator/import/gnu/arm/5.4.1/bin/../lib/gcc/arm-none-eabi/5.4.1/../../../../arm-none-eabi/lib/armv7-m\libg_nano.a
LOAD c:/program files (x86)/cypress/psoc creator/4.4/psoc creator/import/gnu/arm/5.4.1/bin/../lib/gcc/arm-none-eabi/5.4.1/../../../../arm-none-eabi/lib/armv7-m\libc_nano.a
END GROUP
START GROUP
LOAD c:/program files (x86)/cypress/psoc creator/4.4/psoc creator/import/gnu/arm/5.4.1/bin/../lib/gcc/arm-none-eabi/5.4.1/armv7-m\libgcc.a
LOAD c:/program files (x86)/cypress/psoc creator/4.4/psoc creator/import/gnu/arm/5.4.1/bin/../lib/gcc/arm-none-eabi/5.4.1/../../../../arm-none-eabi/lib/armv7-m\libc_nano.a
END GROUP
LOAD c:/program files (x86)/cypress/psoc creator/4.4/psoc creator/import/gnu/arm/5.4.1/bin/../lib/gcc/arm-none-eabi/5.4.1/armv7-m/crtend.o
LOAD c:/program files (x86)/cypress/psoc creator/4.4/psoc creator/import/gnu/arm/5.4.1/bin/../lib/gcc/arm-none-eabi/5.4.1/armv7-m/crtn.o
START GROUP
LOAD c:/program files (x86)/cypress/psoc creator/4.4/psoc creator/import/gnu/arm/5.4.1/bin/../lib/gcc/arm-none-eabi/5.4.1/armv7-m\libgcc.a
LOAD c:/program files (x86)/cypress/psoc creator/4.4/psoc creator/import/gnu/arm/5.4.1/bin/../lib/gcc/arm-none-eabi/5.4.1/../../../../arm-none-eabi/lib/armv7-m\libc.a
LOAD c:/program files (x86)/cypress/psoc creator/4.4/psoc creator/import/gnu/arm/5.4.1/bin/../lib/gcc/arm-none-eabi/5.4.1/../../../../arm-none-eabi/lib/armv7-m\libnosys.a
END GROUP
                0x00000000                CY_APPL_ORIGIN = 0x0
                0x00000100                CY_FLASH_ROW_SIZE = 0x100
                0x00000020                CY_ECC_ROW_SIZE = 0x20
                0x00000000                CY_EE_IN_BTLDR = 0x0
                0x00000000                CY_APPL_LOADABLE = 0x0
                0x00000800                CY_EE_SIZE = 0x800
                0x00000001                CY_APPL_NUM = 0x1
                0x00000001                CY_APPL_MAX = 0x1
                0x00000040                CY_METADATA_SIZE = 0x40
                0x00000000                CY_APPL_LOADABLE = 0x0
                0x00000000                CY_CHECKSUM_EXCLUDE_SIZE = ALIGN (0x0, CY_FLASH_ROW_SIZE)
                [!provide]                PROVIDE (__cy_heap_start, _end)
                0x00000001                PROVIDE (__cy_region_num, ((__cy_regions_end - __cy_regions) / 0x10))
                0x20008000                PROVIDE (__cy_stack, (ORIGIN (ram) + LENGTH (ram)))
                [!provide]                PROVIDE (__cy_heap_end, (__cy_stack - 0x800))

.cybootloader   0x00000000        0x0
 *(.cybootloader)
                0x00000000                appl1_start = CY_APPL_ORIGIN?CY_APPL_ORIGIN:ALIGN (CY_FLASH_ROW_SIZE)
                0x0001ff00                appl2_start = (appl1_start + ALIGN ((((LENGTH (rom) - appl1_start) - (0x2 * CY_FLASH_ROW_SIZE)) / 0x2), CY_FLASH_ROW_SIZE))
                0x00000000                appl_start = (CY_APPL_NUM == 0x1)?appl1_start:appl2_start
                0x00000000                ecc_offset = ((appl_start / CY_FLASH_ROW_SIZE) * CY_ECC_ROW_SIZE)
                0x00000000                ee_offset = (CY_APPL_LOADABLE && ! (CY_EE_IN_BTLDR))?((CY_EE_SIZE / CY_APPL_MAX) * (CY_APPL_NUM - 0x1)):0x0
                0x00000800                ee_size = (CY_APPL_LOADABLE && ! (CY_EE_IN_BTLDR))?(CY_EE_SIZE / CY_APPL_MAX):CY_EE_SIZE
                [!provide]                PROVIDE (CY_ECC_OFFSET, ecc_offset)

.text           0x00000000     0x2878
 CREATE_OBJECT_SYMBOLS
                0x00000000                PROVIDE (__cy_interrupt_vector, RomVectors)
 *(.romvectors)
 .romvectors    0x00000000       0x10 .\CortexM3\ARM_GCC_541\Debug\Cm3Start.o
                0x00000000                RomVectors
                0x00000001                ASSERT ((. != __cy_interrupt_vector), No interrupt vector)
                0x00000001                ASSERT (CY_APPL_ORIGIN?(SIZEOF (.cybootloader) <= CY_APPL_ORIGIN):0x1, Wrong image location)
                0x00000010                PROVIDE (__cy_reset, Reset)
 *(.text.Reset)
 .text.Reset    0x00000010       0x18 .\CortexM3\ARM_GCC_541\Debug\Cm3Start.o
                0x00000010                Reset
                0x00000001                ASSERT ((. != __cy_reset), No reset code)
 *(.dma_init)
                0x00000001                ASSERT ((((appl_start + .) <= 0x10000) || 0x1), DMA Init must be within the first 64k of flash)
 *(.text .text.* .gnu.linkonce.t.*)
 .text          0x00000028       0x5c c:/program files (x86)/cypress/psoc creator/4.4/psoc creator/import/gnu/arm/5.4.1/bin/../lib/gcc/arm-none-eabi/5.4.1/armv7-m/crtbegin.o
 .text.ARCADIAN_init
                0x00000084       0x40 .\CortexM3\ARM_GCC_541\Debug\arcadian.o
                0x00000084                ARCADIAN_init
 .text.ARCADIAN_changeIntensityBy
                0x000000c4       0x18 .\CortexM3\ARM_GCC_541\Debug\arcadian.o
                0x000000c4                ARCADIAN_changeIntensityBy
 .text.ARCADIAN_changeIntensityTo
                0x000000dc        0xc .\CortexM3\ARM_GCC_541\Debug\arcadian.o
                0x000000dc                ARCADIAN_changeIntensityTo
 .text.ISR2_systick_handler
                0x000000e8        0xc .\CortexM3\ARM_GCC_541\Debug\main.o
                0x000000e8                ISR2_systick_handler
 .text.systick_handler
                0x000000f4       0x98 .\CortexM3\ARM_GCC_541\Debug\main.o
                0x000000f4                systick_handler
 .text.Functsk_auto
                0x0000018c       0x54 .\CortexM3\ARM_GCC_541\Debug\main.o
                0x0000018c                Functsk_auto
 .text.Functsk_fader
                0x000001e0       0x94 .\CortexM3\ARM_GCC_541\Debug\main.o
                0x000001e0                Functsk_fader
 .text.Functsk_glower
                0x00000274       0x74 .\CortexM3\ARM_GCC_541\Debug\main.o
                0x00000274                Functsk_glower
 .text.Functsk_reactionGame
                0x000002e8      0x124 .\CortexM3\ARM_GCC_541\Debug\main.o
                0x000002e8                Functsk_reactionGame
 .text.Functsk_sevenSegment
                0x0000040c       0x10 .\CortexM3\ARM_GCC_541\Debug\main.o
                0x0000040c                Functsk_sevenSegment
 .text.ISR2_isr_buttons
                0x0000041c       0x38 .\CortexM3\ARM_GCC_541\Debug\main.o
                0x0000041c                ISR2_isr_buttons
 .text.isr_buttons
                0x00000454       0x98 .\CortexM3\ARM_GCC_541\Debug\main.o
                0x00000454                isr_buttons
 .text.ISR2_isr_timer
                0x000004ec       0x18 .\CortexM3\ARM_GCC_541\Debug\main.o
                0x000004ec                ISR2_isr_timer
 .text.isr_timer
                0x00000504       0x98 .\CortexM3\ARM_GCC_541\Debug\main.o
                0x00000504                isr_timer
 .text.Functsk_background
                0x0000059c        0x4 .\CortexM3\ARM_GCC_541\Debug\main.o
                0x0000059c                Functsk_background
 .text.main     0x000005a0       0x28 .\CortexM3\ARM_GCC_541\Debug\main.o
                0x000005a0                main
 .text.REACTION_init
                0x000005c8       0x48 .\CortexM3\ARM_GCC_541\Debug\reactionGame.o
                0x000005c8                REACTION_init
 .text.REACTION_resetGame
                0x00000610       0x20 .\CortexM3\ARM_GCC_541\Debug\reactionGame.o
                0x00000610                REACTION_resetGame
 .text.REACTION_generateRandomNum
                0x00000630       0x1c .\CortexM3\ARM_GCC_541\Debug\reactionGame.o
                0x00000630                REACTION_generateRandomNum
 .text.REACTION_startCounterForTime
                0x0000064c       0x28 .\CortexM3\ARM_GCC_541\Debug\reactionGame.o
                0x0000064c                REACTION_startCounterForTime
 .text.REACTION_setDisplay
                0x00000674       0x18 .\CortexM3\ARM_GCC_541\Debug\reactionGame.o
                0x00000674                REACTION_setDisplay
 .text.REACTION_getReactionTimeMS
                0x0000068c       0x48 .\CortexM3\ARM_GCC_541\Debug\reactionGame.o
                0x0000068c                REACTION_getReactionTimeMS
 .text.REACTION_displayFailureMessage
                0x000006d4       0x1c .\CortexM3\ARM_GCC_541\Debug\reactionGame.o
                0x000006d4                REACTION_displayFailureMessage
 .text.REACTION_displayTimeoutMessage
                0x000006f0       0x1c .\CortexM3\ARM_GCC_541\Debug\reactionGame.o
                0x000006f0                REACTION_displayTimeoutMessage
 .text.REACTION_reverseString
                0x0000070c       0x20 .\CortexM3\ARM_GCC_541\Debug\reactionGame.o
                0x0000070c                REACTION_reverseString
 .text.REACTION_convertToString
                0x0000072c       0x48 .\CortexM3\ARM_GCC_541\Debug\reactionGame.o
                0x0000072c                REACTION_convertToString
 .text.REACTION_displayDetails
                0x00000774       0x5c .\CortexM3\ARM_GCC_541\Debug\reactionGame.o
                0x00000774                REACTION_displayDetails
 .text.REACTION_displaySuccessMessage
                0x000007d0       0x38 .\CortexM3\ARM_GCC_541\Debug\reactionGame.o
                0x000007d0                REACTION_displaySuccessMessage
 .text.REACTION_printRoundNumber
                0x00000808       0x30 .\CortexM3\ARM_GCC_541\Debug\reactionGame.o
                0x00000808                REACTION_printRoundNumber
 .text.REACTION_stopCounter
                0x00000838        0xc .\CortexM3\ARM_GCC_541\Debug\reactionGame.o
                0x00000838                REACTION_stopCounter
 .text.REACTION_resetDisplay
                0x00000844        0xc .\CortexM3\ARM_GCC_541\Debug\reactionGame.o
                0x00000844                REACTION_resetDisplay
 .text.REACTION_correctButtonPressed
                0x00000850       0x60 .\CortexM3\ARM_GCC_541\Debug\reactionGame.o
                0x00000850                REACTION_correctButtonPressed
 .text.BUTTON_IsPressed
                0x000008b0       0x54 .\CortexM3\ARM_GCC_541\Debug\button.o
                0x000008b0                BUTTON_IsPressed
 .text.PWM_Read
                0x00000904       0x40 .\CortexM3\ARM_GCC_541\Debug\PWM.o
                0x00000904                PWM_Read
 .text.PWM_Write
                0x00000944       0x44 .\CortexM3\ARM_GCC_541\Debug\PWM.o
                0x00000944                PWM_Write
 .text.PWM_Init
                0x00000988       0x5c .\CortexM3\ARM_GCC_541\Debug\PWM.o
                0x00000988                PWM_Init
 .text.SEVEN_Set
                0x000009e4       0x34 .\CortexM3\ARM_GCC_541\Debug\seven.o
                0x000009e4                SEVEN_Set
 .text.SEVEN_Get
                0x00000a18       0x10 .\CortexM3\ARM_GCC_541\Debug\seven.o
                0x00000a18                SEVEN_Get
 .text.SEVEN_Clear
                0x00000a28       0x1c .\CortexM3\ARM_GCC_541\Debug\seven.o
                0x00000a28                SEVEN_Clear
 .text.SEVEN_Init
                0x00000a44       0x14 .\CortexM3\ARM_GCC_541\Debug\seven.o
                0x00000a44                SEVEN_Init
 .text.CyClockStartupError
                0x00000a58        0x4 .\CortexM3\ARM_GCC_541\Debug\cyfitter_cfg.o
 .text.cfg_write_bytes32
                0x00000a5c       0x34 .\CortexM3\ARM_GCC_541\Debug\cyfitter_cfg.o
 .text.AnalogSetDefault
                0x00000a90       0x28 .\CortexM3\ARM_GCC_541\Debug\cyfitter_cfg.o
 .text.CYMEMZERO
                0x00000ab8        0xc .\CortexM3\ARM_GCC_541\Debug\cyfitter_cfg.o
 .text.ClockSetup
                0x00000ac4       0xd0 .\CortexM3\ARM_GCC_541\Debug\cyfitter_cfg.o
 .text.CYCONFIGCPY
                0x00000b94        0x8 .\CortexM3\ARM_GCC_541\Debug\cyfitter_cfg.o
 .text.cyfitter_cfg
                0x00000b9c      0x124 .\CortexM3\ARM_GCC_541\Debug\cyfitter_cfg.o
                0x00000b9c                cyfitter_cfg
 .text.IntDefaultHandler
                0x00000cc0       0x10 .\CortexM3\ARM_GCC_541\Debug\Cm3Start.o
                0x00000cc0                IntDefaultHandler
 .text._sbrk    0x00000cd0       0x30 .\CortexM3\ARM_GCC_541\Debug\Cm3Start.o
                0x00000cd0                _sbrk
 .text.Start_c  0x00000d00       0x4c .\CortexM3\ARM_GCC_541\Debug\Cm3Start.o
                0x00000d00                Start_c
 .text.initialize_psoc
                0x00000d4c       0x68 .\CortexM3\ARM_GCC_541\Debug\Cm3Start.o
                0x00000d4c                initialize_psoc
 .text.Button_Right_1_Read
                0x00000db4       0x10 .\CortexM3\ARM_GCC_541\Debug\RG.a(Button_Right_1.o)
                0x00000db4                Button_Right_1_Read
 .text.Button_Left_1_Read
                0x00000dc4       0x10 .\CortexM3\ARM_GCC_541\Debug\RG.a(Button_Left_1.o)
                0x00000dc4                Button_Left_1_Read
 .text.Button_Left_2_Read
                0x00000dd4       0x10 .\CortexM3\ARM_GCC_541\Debug\RG.a(Button_Left_2.o)
                0x00000dd4                Button_Left_2_Read
 .text.PWM_RGB_blue_Enable
                0x00000de4       0x10 .\CortexM3\ARM_GCC_541\Debug\RG.a(PWM_RGB_blue.o)
                0x00000de4                PWM_RGB_blue_Enable
 .text.PWM_RGB_blue_WriteCounter
                0x00000df4        0xc .\CortexM3\ARM_GCC_541\Debug\RG.a(PWM_RGB_blue.o)
                0x00000df4                PWM_RGB_blue_WriteCounter
 .text.PWM_RGB_blue_WritePeriod
                0x00000e00        0xc .\CortexM3\ARM_GCC_541\Debug\RG.a(PWM_RGB_blue.o)
                0x00000e00                PWM_RGB_blue_WritePeriod
 .text.PWM_RGB_blue_WriteCompare
                0x00000e0c        0xc .\CortexM3\ARM_GCC_541\Debug\RG.a(PWM_RGB_blue.o)
                0x00000e0c                PWM_RGB_blue_WriteCompare
 .text.PWM_RGB_blue_SetInterruptMode
                0x00000e18        0xc .\CortexM3\ARM_GCC_541\Debug\RG.a(PWM_RGB_blue.o)
                0x00000e18                PWM_RGB_blue_SetInterruptMode
 .text.PWM_RGB_blue_ReadStatusRegister
                0x00000e24        0xc .\CortexM3\ARM_GCC_541\Debug\RG.a(PWM_RGB_blue.o)
                0x00000e24                PWM_RGB_blue_ReadStatusRegister
 .text.PWM_RGB_blue_ReadCapture
                0x00000e30        0xc .\CortexM3\ARM_GCC_541\Debug\RG.a(PWM_RGB_blue.o)
                0x00000e30                PWM_RGB_blue_ReadCapture
 .text.PWM_RGB_blue_ClearFIFO
                0x00000e3c       0x14 .\CortexM3\ARM_GCC_541\Debug\RG.a(PWM_RGB_blue.o)
                0x00000e3c                PWM_RGB_blue_ClearFIFO
 .text.PWM_RGB_blue_Init
                0x00000e50       0x5c .\CortexM3\ARM_GCC_541\Debug\RG.a(PWM_RGB_blue.o)
                0x00000e50                PWM_RGB_blue_Init
 .text.PWM_RGB_blue_Start
                0x00000eac       0x1c .\CortexM3\ARM_GCC_541\Debug\RG.a(PWM_RGB_blue.o)
                0x00000eac                PWM_RGB_blue_Start
 .text.PWM_RGB_blue_ReadCompare
                0x00000ec8        0xc .\CortexM3\ARM_GCC_541\Debug\RG.a(PWM_RGB_blue.o)
                0x00000ec8                PWM_RGB_blue_ReadCompare
 .text.UART_Logs_Init
                0x00000ed4       0x5c .\CortexM3\ARM_GCC_541\Debug\RG.a(UART_Logs.o)
                0x00000ed4                UART_Logs_Init
 .text.UART_Logs_Enable
                0x00000f30       0x50 .\CortexM3\ARM_GCC_541\Debug\RG.a(UART_Logs.o)
                0x00000f30                UART_Logs_Enable
 .text.UART_Logs_Start
                0x00000f80       0x1c .\CortexM3\ARM_GCC_541\Debug\RG.a(UART_Logs.o)
                0x00000f80                UART_Logs_Start
 .text.UART_Logs_PutChar
                0x00000f9c       0x70 .\CortexM3\ARM_GCC_541\Debug\RG.a(UART_Logs.o)
                0x00000f9c                UART_Logs_PutChar
 .text.UART_Logs_PutString
                0x0000100c       0x24 .\CortexM3\ARM_GCC_541\Debug\RG.a(UART_Logs.o)
                0x0000100c                UART_Logs_PutString
 .text.UART_Logs_RXISR
                0x00001030       0x98 .\CortexM3\ARM_GCC_541\Debug\RG.a(UART_Logs_INT.o)
                0x00001030                UART_Logs_RXISR
 .text.UART_Logs_TXISR
                0x000010c8       0x58 .\CortexM3\ARM_GCC_541\Debug\RG.a(UART_Logs_INT.o)
                0x000010c8                UART_Logs_TXISR
 .text.Button_Right_2_Read
                0x00001120       0x10 .\CortexM3\ARM_GCC_541\Debug\RG.a(Button_Right_2.o)
                0x00001120                Button_Right_2_Read
 .text.EE_oo_ActivateTask
                0x00001130       0xe8 .\CortexM3\ARM_GCC_541\Debug\RG.a(ErikaOS_ee_activate.o)
                0x00001130                EE_oo_ActivateTask
 .text.EE_oo_SetRelAlarm
                0x00001218       0x80 .\CortexM3\ARM_GCC_541\Debug\RG.a(ErikaOS_ee_alsetrel.o)
                0x00001218                EE_oo_SetRelAlarm
 .text.EE_oo_handle_action_callback
                0x00001298        0xc .\CortexM3\ARM_GCC_541\Debug\RG.a(ErikaOS_ee_altick.o)
 .text.EE_oo_handle_action_task
                0x000012a4       0x4c .\CortexM3\ARM_GCC_541\Debug\RG.a(ErikaOS_ee_altick.o)
 .text.EE_oo_handle_action_event
                0x000012f0       0x60 .\CortexM3\ARM_GCC_541\Debug\RG.a(ErikaOS_ee_altick.o)
 .text.EE_oo_handle_action
                0x00001350       0x28 .\CortexM3\ARM_GCC_541\Debug\RG.a(ErikaOS_ee_altick.o)
 .text.EE_oo_counter_object_insert
                0x00001378       0x9c .\CortexM3\ARM_GCC_541\Debug\RG.a(ErikaOS_ee_altick.o)
                0x00001378                EE_oo_counter_object_insert
 .text.EE_oo_IncrementCounterImplementation
                0x00001414      0x100 .\CortexM3\ARM_GCC_541\Debug\RG.a(ErikaOS_ee_altick.o)
                0x00001414                EE_oo_IncrementCounterImplementation
 .text.EE_oo_IncrementCounter
                0x00001514       0xb0 .\CortexM3\ARM_GCC_541\Debug\RG.a(ErikaOS_ee_altick.o)
                0x00001514                EE_oo_IncrementCounter
 .text.EE_oo_ClearEvent
                0x000015c4       0x5c .\CortexM3\ARM_GCC_541\Debug\RG.a(ErikaOS_ee_evclear.o)
                0x000015c4                EE_oo_ClearEvent
 .text.EE_oo_GetEvent
                0x00001620       0x40 .\CortexM3\ARM_GCC_541\Debug\RG.a(ErikaOS_ee_evget.o)
                0x00001620                EE_oo_GetEvent
 .text.EE_oo_SetEvent
                0x00001660      0x100 .\CortexM3\ARM_GCC_541\Debug\RG.a(ErikaOS_ee_evset.o)
                0x00001660                EE_oo_SetEvent
 .text.EE_oo_WaitEvent
                0x00001760      0x110 .\CortexM3\ARM_GCC_541\Debug\RG.a(ErikaOS_ee_evwait.o)
                0x00001760                EE_oo_WaitEvent
 .text.EE_IRQ_run_next_task
                0x00001870       0x30 .\CortexM3\ARM_GCC_541\Debug\RG.a(ErikaOS_ee_irqendin.o)
 .text.EE_IRQ_end_instance
                0x000018a0       0x68 .\CortexM3\ARM_GCC_541\Debug\RG.a(ErikaOS_ee_irqendin.o)
                0x000018a0                EE_IRQ_end_instance
 .text.EE_IRQ_end_post_stub
                0x00001908       0x14 .\CortexM3\ARM_GCC_541\Debug\RG.a(ErikaOS_ee_irqendin.o)
                0x00001908                EE_IRQ_end_post_stub
 .text.EE_rq2stk_exchange
                0x0000191c       0x88 .\CortexM3\ARM_GCC_541\Debug\RG.a(ErikaOS_ee_rq_exchg.o)
                0x0000191c                EE_rq2stk_exchange
 .text.EE_rq_queryfirst
                0x000019a4       0x44 .\CortexM3\ARM_GCC_541\Debug\RG.a(ErikaOS_ee_rq_first.o)
                0x000019a4                EE_rq_queryfirst
 .text.EE_rq_insert
                0x000019e8       0x74 .\CortexM3\ARM_GCC_541\Debug\RG.a(ErikaOS_ee_rq_inser.o)
                0x000019e8                EE_rq_insert
 .text.compute_task_tid
                0x00001a5c       0x10 .\CortexM3\ARM_GCC_541\Debug\RG.a(ErikaOS_ee_startos.o)
 .text.EE_oo_start_os
                0x00001a6c        0xc .\CortexM3\ARM_GCC_541\Debug\RG.a(ErikaOS_ee_startos.o)
 .text.EE_oo_autostart_tasks
                0x00001a78       0x60 .\CortexM3\ARM_GCC_541\Debug\RG.a(ErikaOS_ee_startos.o)
 .text.EE_oo_autostart_os
                0x00001ad8        0xc .\CortexM3\ARM_GCC_541\Debug\RG.a(ErikaOS_ee_startos.o)
 .text.EE_oo_StartOS
                0x00001ae4       0x8c .\CortexM3\ARM_GCC_541\Debug\RG.a(ErikaOS_ee_startos.o)
                0x00001ae4                EE_oo_StartOS
 .text.EE_oo_TerminateTask
                0x00001b70       0x3c .\CortexM3\ARM_GCC_541\Debug\RG.a(ErikaOS_ee_terminat.o)
                0x00001b70                EE_oo_TerminateTask
 .text.EE_system_init
                0x00001bac       0x60 .\CortexM3\ARM_GCC_541\Debug\RG.a(ErikaOS_cortex_mx_ee_utils.o)
                0x00001bac                EE_system_init
 .text.Clock_Counter_RG_Start
                0x00001c0c       0x1c .\CortexM3\ARM_GCC_541\Debug\RG.a(Clock_Counter_RG.o)
                0x00001c0c                Clock_Counter_RG_Start
 .text.Counter_Enable
                0x00001c28       0x28 .\CortexM3\ARM_GCC_541\Debug\RG.a(Counter.o)
                0x00001c28                Counter_Enable
 .text.Counter_Stop
                0x00001c50       0x28 .\CortexM3\ARM_GCC_541\Debug\RG.a(Counter.o)
                0x00001c50                Counter_Stop
 .text.Counter_SetInterruptMode
                0x00001c78        0xc .\CortexM3\ARM_GCC_541\Debug\RG.a(Counter.o)
                0x00001c78                Counter_SetInterruptMode
 .text.Counter_WriteCounter
                0x00001c84       0x34 .\CortexM3\ARM_GCC_541\Debug\RG.a(Counter.o)
                0x00001c84                Counter_WriteCounter
 .text.Counter_ReadCounter
                0x00001cb8       0x14 .\CortexM3\ARM_GCC_541\Debug\RG.a(Counter.o)
                0x00001cb8                Counter_ReadCounter
 .text.Counter_WritePeriod
                0x00001ccc        0xc .\CortexM3\ARM_GCC_541\Debug\RG.a(Counter.o)
                0x00001ccc                Counter_WritePeriod
 .text.Counter_Init
                0x00001cd8       0x64 .\CortexM3\ARM_GCC_541\Debug\RG.a(Counter.o)
                0x00001cd8                Counter_Init
 .text.Counter_Start
                0x00001d3c       0x1c .\CortexM3\ARM_GCC_541\Debug\RG.a(Counter.o)
                0x00001d3c                Counter_Start
 .text.SEVEN_reg_Write
                0x00001d58        0xc .\CortexM3\ARM_GCC_541\Debug\RG.a(SEVEN_reg.o)
                0x00001d58                SEVEN_reg_Write
 .text.SEVEN_SELECT_Write
                0x00001d64       0x18 .\CortexM3\ARM_GCC_541\Debug\RG.a(SEVEN_SELECT.o)
                0x00001d64                SEVEN_SELECT_Write
 .text.PWM_led_red_Enable
                0x00001d7c       0x10 .\CortexM3\ARM_GCC_541\Debug\RG.a(PWM_led_red.o)
                0x00001d7c                PWM_led_red_Enable
 .text.PWM_led_red_WriteCounter
                0x00001d8c        0xc .\CortexM3\ARM_GCC_541\Debug\RG.a(PWM_led_red.o)
                0x00001d8c                PWM_led_red_WriteCounter
 .text.PWM_led_red_WritePeriod
                0x00001d98        0xc .\CortexM3\ARM_GCC_541\Debug\RG.a(PWM_led_red.o)
                0x00001d98                PWM_led_red_WritePeriod
 .text.PWM_led_red_WriteCompare
                0x00001da4        0xc .\CortexM3\ARM_GCC_541\Debug\RG.a(PWM_led_red.o)
                0x00001da4                PWM_led_red_WriteCompare
 .text.PWM_led_red_SetInterruptMode
                0x00001db0        0xc .\CortexM3\ARM_GCC_541\Debug\RG.a(PWM_led_red.o)
                0x00001db0                PWM_led_red_SetInterruptMode
 .text.PWM_led_red_ReadStatusRegister
                0x00001dbc        0xc .\CortexM3\ARM_GCC_541\Debug\RG.a(PWM_led_red.o)
                0x00001dbc                PWM_led_red_ReadStatusRegister
 .text.PWM_led_red_ReadCapture
                0x00001dc8        0xc .\CortexM3\ARM_GCC_541\Debug\RG.a(PWM_led_red.o)
                0x00001dc8                PWM_led_red_ReadCapture
 .text.PWM_led_red_ClearFIFO
                0x00001dd4       0x14 .\CortexM3\ARM_GCC_541\Debug\RG.a(PWM_led_red.o)
                0x00001dd4                PWM_led_red_ClearFIFO
 .text.PWM_led_red_Init
                0x00001de8       0x54 .\CortexM3\ARM_GCC_541\Debug\RG.a(PWM_led_red.o)
                0x00001de8                PWM_led_red_Init
 .text.PWM_led_red_Start
                0x00001e3c       0x1c .\CortexM3\ARM_GCC_541\Debug\RG.a(PWM_led_red.o)
                0x00001e3c                PWM_led_red_Start
 .text.PWM_led_red_ReadCompare
                0x00001e58        0xc .\CortexM3\ARM_GCC_541\Debug\RG.a(PWM_led_red.o)
                0x00001e58                PWM_led_red_ReadCompare
 .text.PWM_led_yellow_Enable
                0x00001e64       0x10 .\CortexM3\ARM_GCC_541\Debug\RG.a(PWM_led_yellow.o)
                0x00001e64                PWM_led_yellow_Enable
 .text.PWM_led_yellow_WriteCounter
                0x00001e74        0xc .\CortexM3\ARM_GCC_541\Debug\RG.a(PWM_led_yellow.o)
                0x00001e74                PWM_led_yellow_WriteCounter
 .text.PWM_led_yellow_WritePeriod
                0x00001e80        0xc .\CortexM3\ARM_GCC_541\Debug\RG.a(PWM_led_yellow.o)
                0x00001e80                PWM_led_yellow_WritePeriod
 .text.PWM_led_yellow_WriteCompare
                0x00001e8c        0xc .\CortexM3\ARM_GCC_541\Debug\RG.a(PWM_led_yellow.o)
                0x00001e8c                PWM_led_yellow_WriteCompare
 .text.PWM_led_yellow_SetInterruptMode
                0x00001e98        0xc .\CortexM3\ARM_GCC_541\Debug\RG.a(PWM_led_yellow.o)
                0x00001e98                PWM_led_yellow_SetInterruptMode
 .text.PWM_led_yellow_ReadStatusRegister
                0x00001ea4        0xc .\CortexM3\ARM_GCC_541\Debug\RG.a(PWM_led_yellow.o)
                0x00001ea4                PWM_led_yellow_ReadStatusRegister
 .text.PWM_led_yellow_ReadCapture
                0x00001eb0        0xc .\CortexM3\ARM_GCC_541\Debug\RG.a(PWM_led_yellow.o)
                0x00001eb0                PWM_led_yellow_ReadCapture
 .text.PWM_led_yellow_ClearFIFO
                0x00001ebc       0x14 .\CortexM3\ARM_GCC_541\Debug\RG.a(PWM_led_yellow.o)
                0x00001ebc                PWM_led_yellow_ClearFIFO
 .text.PWM_led_yellow_Init
                0x00001ed0       0x50 .\CortexM3\ARM_GCC_541\Debug\RG.a(PWM_led_yellow.o)
                0x00001ed0                PWM_led_yellow_Init
 .text.PWM_led_yellow_Start
                0x00001f20       0x1c .\CortexM3\ARM_GCC_541\Debug\RG.a(PWM_led_yellow.o)
                0x00001f20                PWM_led_yellow_Start
 .text.PWM_led_yellow_ReadCompare
                0x00001f3c        0xc .\CortexM3\ARM_GCC_541\Debug\RG.a(PWM_led_yellow.o)
                0x00001f3c                PWM_led_yellow_ReadCompare
 .text.PWM_led_green_Enable
                0x00001f48       0x10 .\CortexM3\ARM_GCC_541\Debug\RG.a(PWM_led_green.o)
                0x00001f48                PWM_led_green_Enable
 .text.PWM_led_green_WriteCounter
                0x00001f58        0xc .\CortexM3\ARM_GCC_541\Debug\RG.a(PWM_led_green.o)
                0x00001f58                PWM_led_green_WriteCounter
 .text.PWM_led_green_WritePeriod
                0x00001f64        0xc .\CortexM3\ARM_GCC_541\Debug\RG.a(PWM_led_green.o)
                0x00001f64                PWM_led_green_WritePeriod
 .text.PWM_led_green_WriteCompare
                0x00001f70        0xc .\CortexM3\ARM_GCC_541\Debug\RG.a(PWM_led_green.o)
                0x00001f70                PWM_led_green_WriteCompare
 .text.PWM_led_green_SetInterruptMode
                0x00001f7c        0xc .\CortexM3\ARM_GCC_541\Debug\RG.a(PWM_led_green.o)
                0x00001f7c                PWM_led_green_SetInterruptMode
 .text.PWM_led_green_ReadStatusRegister
                0x00001f88        0xc .\CortexM3\ARM_GCC_541\Debug\RG.a(PWM_led_green.o)
                0x00001f88                PWM_led_green_ReadStatusRegister
 .text.PWM_led_green_ReadCapture
                0x00001f94        0xc .\CortexM3\ARM_GCC_541\Debug\RG.a(PWM_led_green.o)
                0x00001f94                PWM_led_green_ReadCapture
 .text.PWM_led_green_ClearFIFO
                0x00001fa0       0x14 .\CortexM3\ARM_GCC_541\Debug\RG.a(PWM_led_green.o)
                0x00001fa0                PWM_led_green_ClearFIFO
 .text.PWM_led_green_Init
                0x00001fb4       0x50 .\CortexM3\ARM_GCC_541\Debug\RG.a(PWM_led_green.o)
                0x00001fb4                PWM_led_green_Init
 .text.PWM_led_green_Start
                0x00002004       0x1c .\CortexM3\ARM_GCC_541\Debug\RG.a(PWM_led_green.o)
                0x00002004                PWM_led_green_Start
 .text.PWM_led_green_ReadCompare
                0x00002020        0xc .\CortexM3\ARM_GCC_541\Debug\RG.a(PWM_led_green.o)
                0x00002020                PWM_led_green_ReadCompare
 .text.PWM_RGB_green_Enable
                0x0000202c       0x10 .\CortexM3\ARM_GCC_541\Debug\RG.a(PWM_RGB_green.o)
                0x0000202c                PWM_RGB_green_Enable
 .text.PWM_RGB_green_WriteCounter
                0x0000203c        0xc .\CortexM3\ARM_GCC_541\Debug\RG.a(PWM_RGB_green.o)
                0x0000203c                PWM_RGB_green_WriteCounter
 .text.PWM_RGB_green_WritePeriod
                0x00002048        0xc .\CortexM3\ARM_GCC_541\Debug\RG.a(PWM_RGB_green.o)
                0x00002048                PWM_RGB_green_WritePeriod
 .text.PWM_RGB_green_WriteCompare
                0x00002054        0xc .\CortexM3\ARM_GCC_541\Debug\RG.a(PWM_RGB_green.o)
                0x00002054                PWM_RGB_green_WriteCompare
 .text.PWM_RGB_green_SetInterruptMode
                0x00002060        0xc .\CortexM3\ARM_GCC_541\Debug\RG.a(PWM_RGB_green.o)
                0x00002060                PWM_RGB_green_SetInterruptMode
 .text.PWM_RGB_green_ReadStatusRegister
                0x0000206c        0xc .\CortexM3\ARM_GCC_541\Debug\RG.a(PWM_RGB_green.o)
                0x0000206c                PWM_RGB_green_ReadStatusRegister
 .text.PWM_RGB_green_ReadCapture
                0x00002078        0xc .\CortexM3\ARM_GCC_541\Debug\RG.a(PWM_RGB_green.o)
                0x00002078                PWM_RGB_green_ReadCapture
 .text.PWM_RGB_green_ClearFIFO
                0x00002084       0x14 .\CortexM3\ARM_GCC_541\Debug\RG.a(PWM_RGB_green.o)
                0x00002084                PWM_RGB_green_ClearFIFO
 .text.PWM_RGB_green_Init
                0x00002098       0x5c .\CortexM3\ARM_GCC_541\Debug\RG.a(PWM_RGB_green.o)
                0x00002098                PWM_RGB_green_Init
 .text.PWM_RGB_green_Start
                0x000020f4       0x1c .\CortexM3\ARM_GCC_541\Debug\RG.a(PWM_RGB_green.o)
                0x000020f4                PWM_RGB_green_Start
 .text.PWM_RGB_green_ReadCompare
                0x00002110        0xc .\CortexM3\ARM_GCC_541\Debug\RG.a(PWM_RGB_green.o)
                0x00002110                PWM_RGB_green_ReadCompare
 .text.PWM_RGB_red_Enable
                0x0000211c       0x10 .\CortexM3\ARM_GCC_541\Debug\RG.a(PWM_RGB_red.o)
                0x0000211c                PWM_RGB_red_Enable
 .text.PWM_RGB_red_WriteCounter
                0x0000212c        0xc .\CortexM3\ARM_GCC_541\Debug\RG.a(PWM_RGB_red.o)
                0x0000212c                PWM_RGB_red_WriteCounter
 .text.PWM_RGB_red_WritePeriod
                0x00002138        0xc .\CortexM3\ARM_GCC_541\Debug\RG.a(PWM_RGB_red.o)
                0x00002138                PWM_RGB_red_WritePeriod
 .text.PWM_RGB_red_WriteCompare
                0x00002144        0xc .\CortexM3\ARM_GCC_541\Debug\RG.a(PWM_RGB_red.o)
                0x00002144                PWM_RGB_red_WriteCompare
 .text.PWM_RGB_red_SetInterruptMode
                0x00002150        0xc .\CortexM3\ARM_GCC_541\Debug\RG.a(PWM_RGB_red.o)
                0x00002150                PWM_RGB_red_SetInterruptMode
 .text.PWM_RGB_red_ReadStatusRegister
                0x0000215c        0xc .\CortexM3\ARM_GCC_541\Debug\RG.a(PWM_RGB_red.o)
                0x0000215c                PWM_RGB_red_ReadStatusRegister
 .text.PWM_RGB_red_ReadCapture
                0x00002168        0xc .\CortexM3\ARM_GCC_541\Debug\RG.a(PWM_RGB_red.o)
                0x00002168                PWM_RGB_red_ReadCapture
 .text.PWM_RGB_red_ClearFIFO
                0x00002174       0x14 .\CortexM3\ARM_GCC_541\Debug\RG.a(PWM_RGB_red.o)
                0x00002174                PWM_RGB_red_ClearFIFO
 .text.PWM_RGB_red_Init
                0x00002188       0x5c .\CortexM3\ARM_GCC_541\Debug\RG.a(PWM_RGB_red.o)
                0x00002188                PWM_RGB_red_Init
 .text.PWM_RGB_red_Start
                0x000021e4       0x1c .\CortexM3\ARM_GCC_541\Debug\RG.a(PWM_RGB_red.o)
                0x000021e4                PWM_RGB_red_Start
 .text.PWM_RGB_red_ReadCompare
                0x00002200        0xc .\CortexM3\ARM_GCC_541\Debug\RG.a(PWM_RGB_red.o)
                0x00002200                PWM_RGB_red_ReadCompare
 .text.UART_Logs_IntClock_Start
                0x0000220c       0x1c .\CortexM3\ARM_GCC_541\Debug\RG.a(UART_Logs_IntClock.o)
                0x0000220c                UART_Logs_IntClock_Start
 .text.CyHalt   0x00002228        0x4 .\CortexM3\ARM_GCC_541\Debug\RG.a(CyLib.o)
                0x00002228                CyHalt
 .text.CyIntSetVector
                0x0000222c       0x28 .\CortexM3\ARM_GCC_541\Debug\RG.a(CyLib.o)
                0x0000222c                CyIntSetVector
 .text.CyIntSetPriority
                0x00002254       0x30 .\CortexM3\ARM_GCC_541\Debug\RG.a(CyLib.o)
                0x00002254                CyIntSetPriority
 .text          0x00002284       0x7c .\CortexM3\ARM_GCC_541\Debug\RG.a(ErikaOS_ee_gnu_change_context_isr.o)
                0x00002284                EE_set_switch_context_pri
                0x0000229e                EE_switch_context
                0x000022a8                EE_cortex_mx_pendsv_ISR
                0x000022e4                EE_cortex_mx_svc_ISR
 .text          0x00002300       0x24 .\CortexM3\ARM_GCC_541\Debug\RG.a(ErikaOS_ee_gnu_irq_stack.o)
                0x00002300                EE_cortex_mx_change_IRQ_stack
                0x00002312                EE_cortex_mx_change_IRQ_stack_back
 .text          0x00002324       0x68 .\CortexM3\ARM_GCC_541\Debug\RG.a(ErikaOS_ee_gnu_multi_context.o)
                0x00002324                EE_cortex_mx_change_context
 .text          0x0000238c       0x80 .\CortexM3\ARM_GCC_541\Debug\RG.a(ErikaOS_ee_gnu_oo.o)
                0x0000238c                EE_hal_terminate_savestk
                0x000023d6                EE_hal_terminate_task
 *fill*         0x0000240c        0x4 
 .text          0x00002410       0x20 .\CortexM3\ARM_GCC_541\Debug\RG.a(CyBootAsmGnu.o)
                0x00002410                CyDelayCycles
                0x00002420                CyEnterCriticalSection
                0x00002428                CyExitCriticalSection
 .text.EE_thread_not_terminated
                0x00002430       0x10 .\CortexM3\ARM_GCC_541\Debug\RG.a(ErikaOS_ee_tnterm.o)
                0x00002430                EE_thread_not_terminated
 .text.EE_oo_thread_stub
                0x00002440       0x10 .\CortexM3\ARM_GCC_541\Debug\RG.a(ErikaOS_ee_tstub.o)
                0x00002440                EE_oo_thread_stub
 .text.EE_std_run_task_code
                0x00002450       0x18 .\CortexM3\ARM_GCC_541\Debug\RG.a(ErikaOS_cortex_mx_ee_context.o)
                0x00002450                EE_std_run_task_code
 .text.EE_std_need_context_change
                0x00002468       0x28 .\CortexM3\ARM_GCC_541\Debug\RG.a(ErikaOS_cortex_mx_ee_context.o)
                0x00002468                EE_std_need_context_change
 .text.EE_thread_rnact_max
                0x00002490       0x20 .\CortexM3\ARM_GCC_541\Debug\RG.a(ErikaOS_ee_thendin.o)
 .text.EE_thread_endcycle_next
                0x000024b0       0x30 .\CortexM3\ARM_GCC_541\Debug\RG.a(ErikaOS_ee_thendin.o)
 .text.EE_thread_end_instance
                0x000024e0      0x108 .\CortexM3\ARM_GCC_541\Debug\RG.a(ErikaOS_ee_thendin.o)
                0x000024e0                EE_thread_end_instance
 .text.__errno  0x000025e8        0xc c:/program files (x86)/cypress/psoc creator/4.4/psoc creator/import/gnu/arm/5.4.1/bin/../lib/gcc/arm-none-eabi/5.4.1/../../../../arm-none-eabi/lib/armv7-m\libg_nano.a(lib_a-errno.o)
                0x000025e8                __errno
 .text.__libc_init_array
                0x000025f4       0x4c c:/program files (x86)/cypress/psoc creator/4.4/psoc creator/import/gnu/arm/5.4.1/bin/../lib/gcc/arm-none-eabi/5.4.1/../../../../arm-none-eabi/lib/armv7-m\libg_nano.a(lib_a-init.o)
                0x000025f4                __libc_init_array
 .text.memcpy   0x00002640       0x16 c:/program files (x86)/cypress/psoc creator/4.4/psoc creator/import/gnu/arm/5.4.1/bin/../lib/gcc/arm-none-eabi/5.4.1/../../../../arm-none-eabi/lib/armv7-m\libg_nano.a(lib_a-memcpy-stub.o)
                0x00002640                memcpy
 .text.memset   0x00002656       0x10 c:/program files (x86)/cypress/psoc creator/4.4/psoc creator/import/gnu/arm/5.4.1/bin/../lib/gcc/arm-none-eabi/5.4.1/../../../../arm-none-eabi/lib/armv7-m\libg_nano.a(lib_a-memset.o)
                0x00002656                memset
 *fill*         0x00002666        0x2 
 .text.srand    0x00002668       0x50 c:/program files (x86)/cypress/psoc creator/4.4/psoc creator/import/gnu/arm/5.4.1/bin/../lib/gcc/arm-none-eabi/5.4.1/../../../../arm-none-eabi/lib/armv7-m\libg_nano.a(lib_a-rand.o)
                0x00002668                srand
 .text.rand     0x000026b8       0x74 c:/program files (x86)/cypress/psoc creator/4.4/psoc creator/import/gnu/arm/5.4.1/bin/../lib/gcc/arm-none-eabi/5.4.1/../../../../arm-none-eabi/lib/armv7-m\libg_nano.a(lib_a-rand.o)
                0x000026b8                rand
 .text.time     0x0000272c       0x28 c:/program files (x86)/cypress/psoc creator/4.4/psoc creator/import/gnu/arm/5.4.1/bin/../lib/gcc/arm-none-eabi/5.4.1/../../../../arm-none-eabi/lib/armv7-m\libg_nano.a(lib_a-time.o)
                0x0000272c                time
 .text._gettimeofday_r
                0x00002754       0x24 c:/program files (x86)/cypress/psoc creator/4.4/psoc creator/import/gnu/arm/5.4.1/bin/../lib/gcc/arm-none-eabi/5.4.1/../../../../arm-none-eabi/lib/armv7-m\libg_nano.a(lib_a-gettimeofdayr.o)
                0x00002754                _gettimeofday_r
 .text.malloc   0x00002778       0x10 c:/program files (x86)/cypress/psoc creator/4.4/psoc creator/import/gnu/arm/5.4.1/bin/../lib/gcc/arm-none-eabi/5.4.1/../../../../arm-none-eabi/lib/armv7-m\libg_nano.a(lib_a-malloc.o)
                0x00002778                malloc
 .text._malloc_r
                0x00002788       0xbc c:/program files (x86)/cypress/psoc creator/4.4/psoc creator/import/gnu/arm/5.4.1/bin/../lib/gcc/arm-none-eabi/5.4.1/../../../../arm-none-eabi/lib/armv7-m\libg_nano.a(lib_a-nano-mallocr.o)
                0x00002788                _malloc_r
 .text._sbrk_r  0x00002844       0x20 c:/program files (x86)/cypress/psoc creator/4.4/psoc creator/import/gnu/arm/5.4.1/bin/../lib/gcc/arm-none-eabi/5.4.1/../../../../arm-none-eabi/lib/armv7-m\libg_nano.a(lib_a-sbrkr.o)
                0x00002844                _sbrk_r
 .text.__malloc_lock
                0x00002864        0x2 c:/program files (x86)/cypress/psoc creator/4.4/psoc creator/import/gnu/arm/5.4.1/bin/../lib/gcc/arm-none-eabi/5.4.1/../../../../arm-none-eabi/lib/armv7-m\libg_nano.a(lib_a-mlock.o)
                0x00002864                __malloc_lock
 .text.__malloc_unlock
                0x00002866        0x2 c:/program files (x86)/cypress/psoc creator/4.4/psoc creator/import/gnu/arm/5.4.1/bin/../lib/gcc/arm-none-eabi/5.4.1/../../../../arm-none-eabi/lib/armv7-m\libg_nano.a(lib_a-mlock.o)
                0x00002866                __malloc_unlock
 .text._gettimeofday
                0x00002868       0x10 c:/program files (x86)/cypress/psoc creator/4.4/psoc creator/import/gnu/arm/5.4.1/bin/../lib/gcc/arm-none-eabi/5.4.1/../../../../arm-none-eabi/lib/armv7-m\libnosys.a(gettod.o)
                0x00002868                _gettimeofday
 *(.plt)
 *(.gnu.warning)
 *(.glue_7t)
 .glue_7t       0x00002878        0x0 linker stubs
 *(.glue_7)
 .glue_7        0x00002878        0x0 linker stubs
 *(.vfp11_veneer)
 .vfp11_veneer  0x00002878        0x0 linker stubs
 *(.bootloader)
 *(.ARM.extab* .gnu.linkonce.armextab.*)
 *(.gcc_except_table)

.v4_bx          0x00002878        0x0
 .v4_bx         0x00002878        0x0 linker stubs

.iplt           0x00002878        0x0
 .iplt          0x00002878        0x0 c:/program files (x86)/cypress/psoc creator/4.4/psoc creator/import/gnu/arm/5.4.1/bin/../lib/gcc/arm-none-eabi/5.4.1/armv7-m/crtbegin.o

.eh_frame_hdr
 *(.eh_frame_hdr)

.eh_frame       0x00002878        0x4
 *(.eh_frame)
 .eh_frame      0x00002878        0x0 c:/program files (x86)/cypress/psoc creator/4.4/psoc creator/import/gnu/arm/5.4.1/bin/../lib/gcc/arm-none-eabi/5.4.1/armv7-m/crtbegin.o
 .eh_frame      0x00002878        0x4 c:/program files (x86)/cypress/psoc creator/4.4/psoc creator/import/gnu/arm/5.4.1/bin/../lib/gcc/arm-none-eabi/5.4.1/armv7-m/crtend.o
                [!provide]                PROVIDE (__exidx_start, .)

.ARM.exidx
 *(.ARM.exidx* .gnu.linkonce.armexidx.*)
                0x0000287c                __exidx_end = .

.rodata         0x0000287c      0x5a4
 *(.rodata .rodata.* .gnu.linkonce.r.*)
 .rodata        0x0000287c       0x36 .\CortexM3\ARM_GCC_541\Debug\main.o
                0x0000287c                RG_glowtable_1
 *fill*         0x000028b2        0x2 
 .rodata.str1.4
                0x000028b4      0x18f .\CortexM3\ARM_GCC_541\Debug\reactionGame.o
 *fill*         0x00002a43        0x1 
 .rodata        0x00002a44       0x11 .\CortexM3\ARM_GCC_541\Debug\seven.o
 *fill*         0x00002a55        0x3 
 .rodata        0x00002a58       0x3a .\CortexM3\ARM_GCC_541\Debug\cyfitter_cfg.o
 *fill*         0x00002a92        0x2 
 .rodata        0x00002a94      0x100 .\CortexM3\ARM_GCC_541\Debug\RG.a(ErikaOS_ee_lookup.o)
                0x00002a94                EE_rq_lookup
 .rodata        0x00002b94      0x154 .\CortexM3\ARM_GCC_541\Debug\RG.a(ErikaOS_eecfg.o)
                0x00002b94                EE_oo_autostart_task_data
                0x00002ba0                EE_oo_action_ROM
                0x00002bdc                EE_oo_counter_object_ROM
                0x00002c00                EE_ALARM_ID
                0x00002c0c                EE_alarm_ROM
                0x00002c18                EE_counter_ROM
                0x00002c24                EE_th_is_extended
                0x00002c3c                EE_th_rnact_max
                0x00002c54                EE_th_dispatch_prio
                0x00002c6c                EE_EVENT_ID
                0x00002c84                EE_th_ready_prio
                0x00002c9c                EE_terminate_real_th_body
                0x00002cb4                EE_hal_thread_body
                0x00002ccc                EE_std_thread_tos
 .rodata.str1.4
                0x00002ce8      0x100 .\CortexM3\ARM_GCC_541\Debug\RG.a(ErikaOS_eecfg.o)
                                 0xfd (size before relaxing)
 .rodata.str1.1
                0x00002de8        0x2 c:/program files (x86)/cypress/psoc creator/4.4/psoc creator/import/gnu/arm/5.4.1/bin/../lib/gcc/arm-none-eabi/5.4.1/../../../../arm-none-eabi/lib/armv7-m\libg_nano.a(lib_a-impure.o)
                0x00002dec                . = ALIGN (0x4)
 *fill*         0x00002dea        0x2 
 *(.init)
 .init          0x00002dec        0x4 c:/program files (x86)/cypress/psoc creator/4.4/psoc creator/import/gnu/arm/5.4.1/bin/../lib/gcc/arm-none-eabi/5.4.1/armv7-m/crti.o
                0x00002dec                _init
 .init          0x00002df0        0x8 c:/program files (x86)/cypress/psoc creator/4.4/psoc creator/import/gnu/arm/5.4.1/bin/../lib/gcc/arm-none-eabi/5.4.1/armv7-m/crtn.o
                0x00002df8                . = ALIGN (0x4)
                0x00002df8                __preinit_array_start = .
 *(.preinit_array)
                0x00002df8                __preinit_array_end = .
                0x00002df8                . = ALIGN (0x4)
                0x00002df8                __init_array_start = .
 *(SORT(.init_array.*))
 *(.init_array)
 .init_array    0x00002df8        0x4 c:/program files (x86)/cypress/psoc creator/4.4/psoc creator/import/gnu/arm/5.4.1/bin/../lib/gcc/arm-none-eabi/5.4.1/armv7-m/crtbegin.o
 .init_array    0x00002dfc        0x4 .\CortexM3\ARM_GCC_541\Debug\Cm3Start.o
                0x00002e00                __init_array_end = .
                0x00002e00                . = ALIGN (0x4)
 *(.fini)
 .fini          0x00002e00        0x4 c:/program files (x86)/cypress/psoc creator/4.4/psoc creator/import/gnu/arm/5.4.1/bin/../lib/gcc/arm-none-eabi/5.4.1/armv7-m/crti.o
                0x00002e00                _fini
 .fini          0x00002e04        0x8 c:/program files (x86)/cypress/psoc creator/4.4/psoc creator/import/gnu/arm/5.4.1/bin/../lib/gcc/arm-none-eabi/5.4.1/armv7-m/crtn.o
                0x00002e0c                . = ALIGN (0x4)
                0x00002e0c                __fini_array_start = .
 *(.fini_array)
 .fini_array    0x00002e0c        0x4 c:/program files (x86)/cypress/psoc creator/4.4/psoc creator/import/gnu/arm/5.4.1/bin/../lib/gcc/arm-none-eabi/5.4.1/armv7-m/crtbegin.o
 *(SORT(.fini_array.*))
                0x00002e10                __fini_array_end = .
                0x00002e10                . = ALIGN (0x4)
 *crtbegin.o(.ctors)
 *(EXCLUDE_FILE(*crtend.o) .ctors)
 *(SORT(.ctors.*))
 *crtend.o(.ctors)
                0x00002e10                . = ALIGN (0x4)
 *crtbegin.o(.dtors)
 *(EXCLUDE_FILE(*crtend.o) .dtors)
 *(SORT(.dtors.*))
 *crtend.o(.dtors)
                0x00002e10                . = ALIGN (0x4)
                0x00002e10                __cy_regions = .
                0x00002e10        0x4 LONG 0x2e20 __cy_region_init_ram
                0x00002e14        0x4 LONG 0x1fff80c8 __cy_region_start_data
                0x00002e18        0x4 LONG 0x1d8 __cy_region_init_size_ram
                0x00002e1c        0x4 LONG 0xc80 __cy_region_zero_size_ram
                0x00002e20                __cy_regions_end = .
                0x00002e20                . = ALIGN (0x8)
                0x00002e20                _etext = .

.cy_checksum_exclude
                0x00002e20        0x0
 *(.cy_checksum_exclude)

.ramvectors     0x1fff8000       0xc0
                0x1fff8000                __cy_region_start_ram = .
 *(.ramvectors)
 .ramvectors    0x1fff8000       0xc0 .\CortexM3\ARM_GCC_541\Debug\Cm3Start.o
                0x1fff8000                CyRamVectors

.noinit         0x1fff80c0        0x1
 *(.noinit)
 .noinit        0x1fff80c0        0x1 .\CortexM3\ARM_GCC_541\Debug\RG.a(CyLib.o)
                0x1fff80c0                CyResetStatus

.data           0x1fff80c8      0x1d8 load address 0x00002e20
                0x1fff80c8                __cy_region_start_data = .
 *(.jcr)
 .jcr           0x1fff80c8        0x0 c:/program files (x86)/cypress/psoc creator/4.4/psoc creator/import/gnu/arm/5.4.1/bin/../lib/gcc/arm-none-eabi/5.4.1/armv7-m/crtbegin.o
 .jcr           0x1fff80c8        0x4 c:/program files (x86)/cypress/psoc creator/4.4/psoc creator/import/gnu/arm/5.4.1/bin/../lib/gcc/arm-none-eabi/5.4.1/armv7-m/crtend.o
 *(.got.plt)
 *(.got)
 *(.shdata)
 *(.data .data.* .gnu.linkonce.d.*)
 .data          0x1fff80cc        0x2 .\CortexM3\ARM_GCC_541\Debug\seven.o
 *fill*         0x1fff80ce        0x2 
 .data          0x1fff80d0        0x4 .\CortexM3\ARM_GCC_541\Debug\Cm3Start.o
 .data          0x1fff80d4      0x164 .\CortexM3\ARM_GCC_541\Debug\RG.a(ErikaOS_eecfg.o)
                0x1fff80d4                EE_ALARM_NAME
                0x1fff80e0                EE_counter_RAM
                0x1fff80e8                EE_th_terminate_nextask
                0x1fff8100                EE_rq_pairs_next
                0x1fff8118                EE_rq_link
                0x1fff8130                EE_th_rnact
                0x1fff8148                EE_rq_queues_tail
                0x1fff8188                EE_rq_queues_head
                0x1fff81c8                EE_stkfirst
                0x1fff81cc                EE_th_next
                0x1fff81e4                EE_th_status
                0x1fff81fc                EE_EVENT_NAME
                0x1fff8214                EE_TASK_NAME
                0x1fff822c                EE_cortex_mx_IRQ_tos
                0x1fff8230                EE_cortex_mx_system_tos
 .data          0x1fff8238        0x4 .\CortexM3\ARM_GCC_541\Debug\RG.a(ErikaOS_ee_gnu_irq_stack.o)
 .data.impure_data
                0x1fff823c       0x60 c:/program files (x86)/cypress/psoc creator/4.4/psoc creator/import/gnu/arm/5.4.1/bin/../lib/gcc/arm-none-eabi/5.4.1/../../../../arm-none-eabi/lib/armv7-m\libg_nano.a(lib_a-impure.o)
 .data._impure_ptr
                0x1fff829c        0x4 c:/program files (x86)/cypress/psoc creator/4.4/psoc creator/import/gnu/arm/5.4.1/bin/../lib/gcc/arm-none-eabi/5.4.1/../../../../arm-none-eabi/lib/armv7-m\libg_nano.a(lib_a-impure.o)
                0x1fff829c                _impure_ptr
                0x1fff82a0                . = ALIGN (0x8)
 *(.ram)
                0x1fff82a0                _edata = .

.igot.plt       0x1fff82a0        0x0 load address 0x00002ff8
 .igot.plt      0x1fff82a0        0x0 c:/program files (x86)/cypress/psoc creator/4.4/psoc creator/import/gnu/arm/5.4.1/bin/../lib/gcc/arm-none-eabi/5.4.1/armv7-m/crtbegin.o

.bss            0x1fff82a0      0xc80 load address 0x00002ff8
                0x1fff82a0                PROVIDE (__bss_start__, .)
 *(.shbss)
 *(.bss .bss.* .gnu.linkonce.b.*)
 .bss           0x1fff82a0       0x1c c:/program files (x86)/cypress/psoc creator/4.4/psoc creator/import/gnu/arm/5.4.1/bin/../lib/gcc/arm-none-eabi/5.4.1/armv7-m/crtbegin.o
 .bss           0x1fff82bc        0x8 .\CortexM3\ARM_GCC_541\Debug\main.o
 .bss           0x1fff82c4        0x2 .\CortexM3\ARM_GCC_541\Debug\seven.o
 .bss           0x1fff82c6        0x1 .\CortexM3\ARM_GCC_541\Debug\RG.a(PWM_RGB_blue.o)
                0x1fff82c6                PWM_RGB_blue_initVar
 .bss           0x1fff82c7        0x9 .\CortexM3\ARM_GCC_541\Debug\RG.a(UART_Logs.o)
                0x1fff82c7                UART_Logs_errorStatus
                0x1fff82c8                UART_Logs_initVar
                0x1fff82c9                UART_Logs_rxBufferRead
                0x1fff82ca                UART_Logs_rxBufferWrite
                0x1fff82cb                UART_Logs_rxBufferLoopDetect
                0x1fff82cc                UART_Logs_rxBufferOverflow
                0x1fff82cd                UART_Logs_txBufferRead
                0x1fff82ce                UART_Logs_txBufferWrite
 .bss           0x1fff82d0       0x58 .\CortexM3\ARM_GCC_541\Debug\RG.a(ErikaOS_eecfg.o)
                0x1fff82d0                EE_th_waswaiting
                0x1fff82e8                EE_th_event_waitmask
                0x1fff8300                EE_th_event_active
                0x1fff8318                EE_rq_free
                0x1fff831c                EE_rq_bitmask
                0x1fff8320                EE_sys_ceiling
                0x1fff8324                EE_cortex_mx_active_tos
 .bss           0x1fff8328        0x1 .\CortexM3\ARM_GCC_541\Debug\RG.a(Counter.o)
                0x1fff8328                Counter_initVar
 .bss           0x1fff8329        0x1 .\CortexM3\ARM_GCC_541\Debug\RG.a(PWM_led_red.o)
                0x1fff8329                PWM_led_red_initVar
 .bss           0x1fff832a        0x1 .\CortexM3\ARM_GCC_541\Debug\RG.a(PWM_led_yellow.o)
                0x1fff832a                PWM_led_yellow_initVar
 .bss           0x1fff832b        0x1 .\CortexM3\ARM_GCC_541\Debug\RG.a(PWM_led_green.o)
                0x1fff832b                PWM_led_green_initVar
 .bss           0x1fff832c        0x1 .\CortexM3\ARM_GCC_541\Debug\RG.a(PWM_RGB_green.o)
                0x1fff832c                PWM_RGB_green_initVar
 .bss           0x1fff832d        0x1 .\CortexM3\ARM_GCC_541\Debug\RG.a(PWM_RGB_red.o)
                0x1fff832d                PWM_RGB_red_initVar
 *fill*         0x1fff832e        0x2 
 .bss.__malloc_sbrk_start
                0x1fff8330        0x4 c:/program files (x86)/cypress/psoc creator/4.4/psoc creator/import/gnu/arm/5.4.1/bin/../lib/gcc/arm-none-eabi/5.4.1/../../../../arm-none-eabi/lib/armv7-m\libg_nano.a(lib_a-nano-mallocr.o)
                0x1fff8330                __malloc_sbrk_start
 .bss.__malloc_free_list
                0x1fff8334        0x4 c:/program files (x86)/cypress/psoc creator/4.4/psoc creator/import/gnu/arm/5.4.1/bin/../lib/gcc/arm-none-eabi/5.4.1/../../../../arm-none-eabi/lib/armv7-m\libg_nano.a(lib_a-nano-mallocr.o)
                0x1fff8334                __malloc_free_list
 *(COMMON)
 COMMON         0x1fff8338        0x8 .\CortexM3\ARM_GCC_541\Debug\main.o
                0x1fff8338                myRGBGlower
                0x1fff833c                myFader
 COMMON         0x1fff8340      0x190 .\CortexM3\ARM_GCC_541\Debug\RG.a(UART_Logs.o)
                0x1fff8340                UART_Logs_txBuffer
                0x1fff8408                UART_Logs_rxBuffer
 COMMON         0x1fff84d0        0x8 .\CortexM3\ARM_GCC_541\Debug\RG.a(ErikaOS_ee_lookup.o)
                0x1fff84d0                EE_oo_IRQ_disable_count
                0x1fff84d4                EE_oo_IRQ_suspend_status
 COMMON         0x1fff84d8        0x4 .\CortexM3\ARM_GCC_541\Debug\RG.a(ErikaOS_ee_startos.o)
                0x1fff84d8                EE_oo_started
 COMMON         0x1fff84dc        0x8 .\CortexM3\ARM_GCC_541\Debug\RG.a(ErikaOS_common_ee_hal_structs.o)
                0x1fff84dc                EE_IRQ_nesting_level
                0x1fff84e0                EE_std_endcycle_next_tid
 COMMON         0x1fff84e4      0xa34 .\CortexM3\ARM_GCC_541\Debug\RG.a(ErikaOS_eecfg.o)
                0x1fff84e4                EE_cortex_mx_stack_3
                0x1fff8cb4                EE_rq_pairs_tid
                0x1fff8ccc                EE_terminate_data
                0x1fff8ce4                EE_oo_counter_object_RAM
                0x1fff8d14                EE_ApplicationMode
                0x1fff8d18                EE_cortex_mx_stack_9
 COMMON         0x1fff8f18        0x4 c:/program files (x86)/cypress/psoc creator/4.4/psoc creator/import/gnu/arm/5.4.1/bin/../lib/gcc/arm-none-eabi/5.4.1/../../../../arm-none-eabi/lib/armv7-m\libg_nano.a(lib_a-reent.o)
                0x1fff8f18                errno
                0x1fff8f20                . = ALIGN (0x8)
 *fill*         0x1fff8f1c        0x4 
 *(.ram.b)
                0x1fff8f20                _end = .
                0x1fff8f20                __end = .
                0x1fff8f20                PROVIDE (end, .)
                0x1fff8f20                PROVIDE (__bss_end__, .)
                0x00002e20                __cy_region_init_ram = LOADADDR (.data)
                0x000001d8                __cy_region_init_size_ram = (_edata - ADDR (.data))
                0x00000c80                __cy_region_zero_size_ram = (_end - _edata)

.heap           0x1fff8f20       0x80 load address 0x00002ff8
                0x1fff8f20                . = _end
                0x1fff8fa0                . = (. + 0x80)
 *fill*         0x1fff8f20       0x80 
                0x1fff8fa0                __cy_heap_limit = .

.stack          0x20007800      0x800
                0x20007800                __cy_stack_limit = .
                0x20008000                . = (. + 0x800)
 *fill*         0x20007800      0x800 
                0x00000001                ASSERT ((__cy_stack_limit >= __cy_heap_limit), region RAM overflowed with stack)
                0x00000000                cy_checksum_exclude_size = (CY_APPL_LOADABLE == 0x1)?SIZEOF (.cy_checksum_exclude):0x0
                0x00000001                ASSERT ((cy_checksum_exclude_size <= CY_CHECKSUM_EXCLUDE_SIZE), CY_BOOT: Section .cy_checksum_exclude size exceedes specified limit.)

.cyloadermeta
 *(.cyloadermeta)

.cyloadablemeta
 *(.cyloadablemeta)

.cyconfigecc    0x80000000      0x990
 *(.cyconfigecc)
 .cyconfigecc   0x80000000      0x990 .\CortexM3\ARM_GCC_541\Debug\cymetadata.o
                0x80000000                cy_meta_configecc

.cycustnvl      0x90000000        0x4
 *(.cycustnvl)
 .cycustnvl     0x90000000        0x4 .\CortexM3\ARM_GCC_541\Debug\cymetadata.o
                0x90000000                cy_meta_custnvl

.cywolatch      0x90100000        0x4
 *(.cywolatch)
 .cywolatch     0x90100000        0x4 .\CortexM3\ARM_GCC_541\Debug\cymetadata.o
                0x90100000                cy_meta_wonvl

.cyeeprom       0x90200000        0x0
 *(.cyeeprom)
                0x00000001                ASSERT ((. <= ((0x90200000 + ee_offset) + ee_size)), .cyeeprom data will not fit in EEPROM)

.cyflashprotect
                0x90400000      0x100
 *(.cyflashprotect)
 .cyflashprotect
                0x90400000      0x100 .\CortexM3\ARM_GCC_541\Debug\cymetadata.o
                0x90400000                cy_meta_flashprotect

.cymeta         0x90500000        0xc
 *(.cymeta)
 .cymeta        0x90500000        0xc .\CortexM3\ARM_GCC_541\Debug\cymetadata.o
                0x90500000                cy_metadata

.rel.dyn        0x00002ff8        0x0 load address 0x9050000c
 .rel.iplt      0x00002ff8        0x0 c:/program files (x86)/cypress/psoc creator/4.4/psoc creator/import/gnu/arm/5.4.1/bin/../lib/gcc/arm-none-eabi/5.4.1/armv7-m/crtbegin.o

.stab           0x00000000       0x24
 *(.stab)
 .stab          0x00000000       0x24 c:/program files (x86)/cypress/psoc creator/4.4/psoc creator/import/gnu/arm/5.4.1/bin/../lib/gcc/arm-none-eabi/5.4.1/../../../../arm-none-eabi/lib/armv7-m\libnosys.a(gettod.o)

.stabstr        0x00000000       0x4e
 *(.stabstr)
 .stabstr       0x00000000       0x4e c:/program files (x86)/cypress/psoc creator/4.4/psoc creator/import/gnu/arm/5.4.1/bin/../lib/gcc/arm-none-eabi/5.4.1/../../../../arm-none-eabi/lib/armv7-m\libnosys.a(gettod.o)

.debug
 *(.debug)

.line
 *(.line)

.debug_srcinfo
 *(.debug_srcinfo)

.debug_sfnames
 *(.debug_sfnames)

.debug_aranges  0x00000000     0x1200
 *(.debug_aranges)
 .debug_aranges
                0x00000000       0x30 .\CortexM3\ARM_GCC_541\Debug\arcadian.o
 .debug_aranges
                0x00000030       0x80 .\CortexM3\ARM_GCC_541\Debug\main.o
 .debug_aranges
                0x000000b0       0x98 .\CortexM3\ARM_GCC_541\Debug\reactionGame.o
 .debug_aranges
                0x00000148       0x20 .\CortexM3\ARM_GCC_541\Debug\button.o
 .debug_aranges
                0x00000168       0x30 .\CortexM3\ARM_GCC_541\Debug\PWM.o
 .debug_aranges
                0x00000198       0x48 .\CortexM3\ARM_GCC_541\Debug\seven.o
 .debug_aranges
                0x000001e0       0x58 .\CortexM3\ARM_GCC_541\Debug\cyfitter_cfg.o
 .debug_aranges
                0x00000238       0x18 .\CortexM3\ARM_GCC_541\Debug\cymetadata.o
 .debug_aranges
                0x00000250       0x48 .\CortexM3\ARM_GCC_541\Debug\Cm3Start.o
 .debug_aranges
                0x00000298       0x38 .\CortexM3\ARM_GCC_541\Debug\RG.a(Button_Right_1.o)
 .debug_aranges
                0x000002d0       0x38 .\CortexM3\ARM_GCC_541\Debug\RG.a(Button_Left_1.o)
 .debug_aranges
                0x00000308       0x38 .\CortexM3\ARM_GCC_541\Debug\RG.a(Button_Left_2.o)
 .debug_aranges
                0x00000340       0x98 .\CortexM3\ARM_GCC_541\Debug\RG.a(PWM_RGB_blue.o)
 .debug_aranges
                0x000003d8       0xf0 .\CortexM3\ARM_GCC_541\Debug\RG.a(UART_Logs.o)
 .debug_aranges
                0x000004c8       0x28 .\CortexM3\ARM_GCC_541\Debug\RG.a(UART_Logs_INT.o)
 .debug_aranges
                0x000004f0       0x38 .\CortexM3\ARM_GCC_541\Debug\RG.a(Button_Right_2.o)
 .debug_aranges
                0x00000528       0x20 .\CortexM3\ARM_GCC_541\Debug\RG.a(ErikaOS_ee_activate.o)
 .debug_aranges
                0x00000548       0x20 .\CortexM3\ARM_GCC_541\Debug\RG.a(ErikaOS_ee_alsetrel.o)
 .debug_aranges
                0x00000568       0x58 .\CortexM3\ARM_GCC_541\Debug\RG.a(ErikaOS_ee_altick.o)
 .debug_aranges
                0x000005c0       0x20 .\CortexM3\ARM_GCC_541\Debug\RG.a(ErikaOS_ee_evclear.o)
 .debug_aranges
                0x000005e0       0x20 .\CortexM3\ARM_GCC_541\Debug\RG.a(ErikaOS_ee_evget.o)
 .debug_aranges
                0x00000600       0x20 .\CortexM3\ARM_GCC_541\Debug\RG.a(ErikaOS_ee_evset.o)
 .debug_aranges
                0x00000620       0x20 .\CortexM3\ARM_GCC_541\Debug\RG.a(ErikaOS_ee_evwait.o)
 .debug_aranges
                0x00000640       0x30 .\CortexM3\ARM_GCC_541\Debug\RG.a(ErikaOS_ee_irqendin.o)
 .debug_aranges
                0x00000670       0x18 .\CortexM3\ARM_GCC_541\Debug\RG.a(ErikaOS_ee_lookup.o)
 .debug_aranges
                0x00000688       0x20 .\CortexM3\ARM_GCC_541\Debug\RG.a(ErikaOS_ee_rq_exchg.o)
 .debug_aranges
                0x000006a8       0x20 .\CortexM3\ARM_GCC_541\Debug\RG.a(ErikaOS_ee_rq_first.o)
 .debug_aranges
                0x000006c8       0x20 .\CortexM3\ARM_GCC_541\Debug\RG.a(ErikaOS_ee_rq_inser.o)
 .debug_aranges
                0x000006e8       0x40 .\CortexM3\ARM_GCC_541\Debug\RG.a(ErikaOS_ee_startos.o)
 .debug_aranges
                0x00000728       0x20 .\CortexM3\ARM_GCC_541\Debug\RG.a(ErikaOS_ee_terminat.o)
 .debug_aranges
                0x00000748       0x20 .\CortexM3\ARM_GCC_541\Debug\RG.a(ErikaOS_cortex_mx_ee_utils.o)
 .debug_aranges
                0x00000768       0x18 .\CortexM3\ARM_GCC_541\Debug\RG.a(ErikaOS_common_ee_hal_structs.o)
 .debug_aranges
                0x00000780       0x18 .\CortexM3\ARM_GCC_541\Debug\RG.a(ErikaOS_eecfg.o)
 .debug_aranges
                0x00000798       0x70 .\CortexM3\ARM_GCC_541\Debug\RG.a(Clock_Counter_RG.o)
 .debug_aranges
                0x00000808       0x80 .\CortexM3\ARM_GCC_541\Debug\RG.a(Counter.o)
 .debug_aranges
                0x00000888       0x28 .\CortexM3\ARM_GCC_541\Debug\RG.a(SEVEN_reg.o)
 .debug_aranges
                0x000008b0       0x38 .\CortexM3\ARM_GCC_541\Debug\RG.a(SEVEN_SELECT.o)
 .debug_aranges
                0x000008e8       0x38 .\CortexM3\ARM_GCC_541\Debug\RG.a(SEVEN_DP.o)
 .debug_aranges
                0x00000920       0x98 .\CortexM3\ARM_GCC_541\Debug\RG.a(PWM_led_red.o)
 .debug_aranges
                0x000009b8       0x98 .\CortexM3\ARM_GCC_541\Debug\RG.a(PWM_led_yellow.o)
 .debug_aranges
                0x00000a50       0x98 .\CortexM3\ARM_GCC_541\Debug\RG.a(PWM_led_green.o)
 .debug_aranges
                0x00000ae8       0x98 .\CortexM3\ARM_GCC_541\Debug\RG.a(PWM_RGB_green.o)
 .debug_aranges
                0x00000b80       0x98 .\CortexM3\ARM_GCC_541\Debug\RG.a(PWM_RGB_red.o)
 .debug_aranges
                0x00000c18       0x70 .\CortexM3\ARM_GCC_541\Debug\RG.a(UART_Logs_IntClock.o)
 .debug_aranges
                0x00000c88      0x2a0 .\CortexM3\ARM_GCC_541\Debug\RG.a(CyLib.o)
 .debug_aranges
                0x00000f28       0x98 .\CortexM3\ARM_GCC_541\Debug\RG.a(cyPm.o)
 .debug_aranges
                0x00000fc0       0x20 .\CortexM3\ARM_GCC_541\Debug\RG.a(ErikaOS_ee_gnu_change_context_isr.o)
 .debug_aranges
                0x00000fe0       0x20 .\CortexM3\ARM_GCC_541\Debug\RG.a(ErikaOS_ee_gnu_irq_stack.o)
 .debug_aranges
                0x00001000       0x20 .\CortexM3\ARM_GCC_541\Debug\RG.a(ErikaOS_ee_gnu_multi_context.o)
 .debug_aranges
                0x00001020       0x20 .\CortexM3\ARM_GCC_541\Debug\RG.a(ErikaOS_ee_gnu_oo.o)
 .debug_aranges
                0x00001040       0x20 .\CortexM3\ARM_GCC_541\Debug\RG.a(CyBootAsmGnu.o)
 .debug_aranges
                0x00001060       0x20 .\CortexM3\ARM_GCC_541\Debug\RG.a(ErikaOS_ee_tnterm.o)
 .debug_aranges
                0x00001080       0x20 .\CortexM3\ARM_GCC_541\Debug\RG.a(ErikaOS_ee_tstub.o)
 .debug_aranges
                0x000010a0       0x28 .\CortexM3\ARM_GCC_541\Debug\RG.a(ErikaOS_cortex_mx_ee_context.o)
 .debug_aranges
                0x000010c8       0x88 .\CortexM3\ARM_GCC_541\Debug\RG.a(CyFlash.o)
 .debug_aranges
                0x00001150       0x80 .\CortexM3\ARM_GCC_541\Debug\RG.a(CySpc.o)
 .debug_aranges
                0x000011d0       0x30 .\CortexM3\ARM_GCC_541\Debug\RG.a(ErikaOS_ee_thendin.o)

.debug_pubnames
 *(.debug_pubnames)

.debug_info     0x00000000    0x1224d
 *(.debug_info .gnu.linkonce.wi.*)
 .debug_info    0x00000000      0x44b .\CortexM3\ARM_GCC_541\Debug\arcadian.o
 .debug_info    0x0000044b      0xe99 .\CortexM3\ARM_GCC_541\Debug\main.o
 .debug_info    0x000012e4      0xa6b .\CortexM3\ARM_GCC_541\Debug\reactionGame.o
 .debug_info    0x00001d4f      0x1e7 .\CortexM3\ARM_GCC_541\Debug\button.o
 .debug_info    0x00001f36      0x49d .\CortexM3\ARM_GCC_541\Debug\PWM.o
 .debug_info    0x000023d3      0x4a6 .\CortexM3\ARM_GCC_541\Debug\seven.o
 .debug_info    0x00002879      0x5df .\CortexM3\ARM_GCC_541\Debug\cyfitter_cfg.o
 .debug_info    0x00002e58      0x139 .\CortexM3\ARM_GCC_541\Debug\cymetadata.o
 .debug_info    0x00002f91      0x3bb .\CortexM3\ARM_GCC_541\Debug\Cm3Start.o
 .debug_info    0x0000334c      0x11f .\CortexM3\ARM_GCC_541\Debug\RG.a(Button_Right_1.o)
 .debug_info    0x0000346b      0x11f .\CortexM3\ARM_GCC_541\Debug\RG.a(Button_Left_1.o)
 .debug_info    0x0000358a      0x11f .\CortexM3\ARM_GCC_541\Debug\RG.a(Button_Left_2.o)
 .debug_info    0x000036a9      0x351 .\CortexM3\ARM_GCC_541\Debug\RG.a(PWM_RGB_blue.o)
 .debug_info    0x000039fa      0x7ae .\CortexM3\ARM_GCC_541\Debug\RG.a(UART_Logs.o)
 .debug_info    0x000041a8      0x186 .\CortexM3\ARM_GCC_541\Debug\RG.a(UART_Logs_INT.o)
 .debug_info    0x0000432e      0x11f .\CortexM3\ARM_GCC_541\Debug\RG.a(Button_Right_2.o)
 .debug_info    0x0000444d      0x80d .\CortexM3\ARM_GCC_541\Debug\RG.a(ErikaOS_ee_activate.o)
 .debug_info    0x00004c5a      0x5e5 .\CortexM3\ARM_GCC_541\Debug\RG.a(ErikaOS_ee_alsetrel.o)
 .debug_info    0x0000523f      0xc3b .\CortexM3\ARM_GCC_541\Debug\RG.a(ErikaOS_ee_altick.o)
 .debug_info    0x00005e7a      0x5a7 .\CortexM3\ARM_GCC_541\Debug\RG.a(ErikaOS_ee_evclear.o)
 .debug_info    0x00006421      0x4ca .\CortexM3\ARM_GCC_541\Debug\RG.a(ErikaOS_ee_evget.o)
 .debug_info    0x000068eb      0x7c3 .\CortexM3\ARM_GCC_541\Debug\RG.a(ErikaOS_ee_evset.o)
 .debug_info    0x000070ae      0x84e .\CortexM3\ARM_GCC_541\Debug\RG.a(ErikaOS_ee_evwait.o)
 .debug_info    0x000078fc      0x5cb .\CortexM3\ARM_GCC_541\Debug\RG.a(ErikaOS_ee_irqendin.o)
 .debug_info    0x00007ec7      0x3d0 .\CortexM3\ARM_GCC_541\Debug\RG.a(ErikaOS_ee_lookup.o)
 .debug_info    0x00008297      0x46f .\CortexM3\ARM_GCC_541\Debug\RG.a(ErikaOS_ee_rq_exchg.o)
 .debug_info    0x00008706      0x421 .\CortexM3\ARM_GCC_541\Debug\RG.a(ErikaOS_ee_rq_first.o)
 .debug_info    0x00008b27      0x475 .\CortexM3\ARM_GCC_541\Debug\RG.a(ErikaOS_ee_rq_inser.o)
 .debug_info    0x00008f9c     0x2040 .\CortexM3\ARM_GCC_541\Debug\RG.a(ErikaOS_ee_startos.o)
 .debug_info    0x0000afdc      0x589 .\CortexM3\ARM_GCC_541\Debug\RG.a(ErikaOS_ee_terminat.o)
 .debug_info    0x0000b565      0x52b .\CortexM3\ARM_GCC_541\Debug\RG.a(ErikaOS_cortex_mx_ee_utils.o)
 .debug_info    0x0000ba90      0x3cb .\CortexM3\ARM_GCC_541\Debug\RG.a(ErikaOS_common_ee_hal_structs.o)
 .debug_info    0x0000be5b      0x8a7 .\CortexM3\ARM_GCC_541\Debug\RG.a(ErikaOS_eecfg.o)
 .debug_info    0x0000c702      0x283 .\CortexM3\ARM_GCC_541\Debug\RG.a(Clock_Counter_RG.o)
 .debug_info    0x0000c985      0x28f .\CortexM3\ARM_GCC_541\Debug\RG.a(Counter.o)
 .debug_info    0x0000cc14       0xd6 .\CortexM3\ARM_GCC_541\Debug\RG.a(SEVEN_reg.o)
 .debug_info    0x0000ccea      0x11f .\CortexM3\ARM_GCC_541\Debug\RG.a(SEVEN_SELECT.o)
 .debug_info    0x0000ce09      0x11f .\CortexM3\ARM_GCC_541\Debug\RG.a(SEVEN_DP.o)
 .debug_info    0x0000cf28      0x334 .\CortexM3\ARM_GCC_541\Debug\RG.a(PWM_led_red.o)
 .debug_info    0x0000d25c      0x334 .\CortexM3\ARM_GCC_541\Debug\RG.a(PWM_led_yellow.o)
 .debug_info    0x0000d590      0x334 .\CortexM3\ARM_GCC_541\Debug\RG.a(PWM_led_green.o)
 .debug_info    0x0000d8c4      0x351 .\CortexM3\ARM_GCC_541\Debug\RG.a(PWM_RGB_green.o)
 .debug_info    0x0000dc15      0x351 .\CortexM3\ARM_GCC_541\Debug\RG.a(PWM_RGB_red.o)
 .debug_info    0x0000df66      0x283 .\CortexM3\ARM_GCC_541\Debug\RG.a(UART_Logs_IntClock.o)
 .debug_info    0x0000e1e9     0x1374 .\CortexM3\ARM_GCC_541\Debug\RG.a(CyLib.o)
 .debug_info    0x0000f55d      0xa2a .\CortexM3\ARM_GCC_541\Debug\RG.a(cyPm.o)
 .debug_info    0x0000ff87       0x86 .\CortexM3\ARM_GCC_541\Debug\RG.a(ErikaOS_ee_gnu_change_context_isr.o)
 .debug_info    0x0001000d       0x7d .\CortexM3\ARM_GCC_541\Debug\RG.a(ErikaOS_ee_gnu_irq_stack.o)
 .debug_info    0x0001008a       0x81 .\CortexM3\ARM_GCC_541\Debug\RG.a(ErikaOS_ee_gnu_multi_context.o)
 .debug_info    0x0001010b       0x76 .\CortexM3\ARM_GCC_541\Debug\RG.a(ErikaOS_ee_gnu_oo.o)
 .debug_info    0x00010181       0x71 .\CortexM3\ARM_GCC_541\Debug\RG.a(CyBootAsmGnu.o)
 .debug_info    0x000101f2      0x43d .\CortexM3\ARM_GCC_541\Debug\RG.a(ErikaOS_ee_tnterm.o)
 .debug_info    0x0001062f      0x487 .\CortexM3\ARM_GCC_541\Debug\RG.a(ErikaOS_ee_tstub.o)
 .debug_info    0x00010ab6      0x501 .\CortexM3\ARM_GCC_541\Debug\RG.a(ErikaOS_cortex_mx_ee_context.o)
 .debug_info    0x00010fb7      0x64d .\CortexM3\ARM_GCC_541\Debug\RG.a(CyFlash.o)
 .debug_info    0x00011604      0x550 .\CortexM3\ARM_GCC_541\Debug\RG.a(CySpc.o)
 .debug_info    0x00011b54      0x6f9 .\CortexM3\ARM_GCC_541\Debug\RG.a(ErikaOS_ee_thendin.o)

.debug_abbrev   0x00000000     0x4c4c
 *(.debug_abbrev)
 .debug_abbrev  0x00000000      0x12d .\CortexM3\ARM_GCC_541\Debug\arcadian.o
 .debug_abbrev  0x0000012d      0x311 .\CortexM3\ARM_GCC_541\Debug\main.o
 .debug_abbrev  0x0000043e      0x1fd .\CortexM3\ARM_GCC_541\Debug\reactionGame.o
 .debug_abbrev  0x0000063b       0xce .\CortexM3\ARM_GCC_541\Debug\button.o
 .debug_abbrev  0x00000709      0x11b .\CortexM3\ARM_GCC_541\Debug\PWM.o
 .debug_abbrev  0x00000824      0x155 .\CortexM3\ARM_GCC_541\Debug\seven.o
 .debug_abbrev  0x00000979      0x20d .\CortexM3\ARM_GCC_541\Debug\cyfitter_cfg.o
 .debug_abbrev  0x00000b86       0x77 .\CortexM3\ARM_GCC_541\Debug\cymetadata.o
 .debug_abbrev  0x00000bfd      0x1e8 .\CortexM3\ARM_GCC_541\Debug\Cm3Start.o
 .debug_abbrev  0x00000de5       0x90 .\CortexM3\ARM_GCC_541\Debug\RG.a(Button_Right_1.o)
 .debug_abbrev  0x00000e75       0x90 .\CortexM3\ARM_GCC_541\Debug\RG.a(Button_Left_1.o)
 .debug_abbrev  0x00000f05       0x90 .\CortexM3\ARM_GCC_541\Debug\RG.a(Button_Left_2.o)
 .debug_abbrev  0x00000f95      0x133 .\CortexM3\ARM_GCC_541\Debug\RG.a(PWM_RGB_blue.o)
 .debug_abbrev  0x000010c8      0x16f .\CortexM3\ARM_GCC_541\Debug\RG.a(UART_Logs.o)
 .debug_abbrev  0x00001237       0xa2 .\CortexM3\ARM_GCC_541\Debug\RG.a(UART_Logs_INT.o)
 .debug_abbrev  0x000012d9       0x90 .\CortexM3\ARM_GCC_541\Debug\RG.a(Button_Right_2.o)
 .debug_abbrev  0x00001369      0x284 .\CortexM3\ARM_GCC_541\Debug\RG.a(ErikaOS_ee_activate.o)
 .debug_abbrev  0x000015ed      0x1f7 .\CortexM3\ARM_GCC_541\Debug\RG.a(ErikaOS_ee_alsetrel.o)
 .debug_abbrev  0x000017e4      0x362 .\CortexM3\ARM_GCC_541\Debug\RG.a(ErikaOS_ee_altick.o)
 .debug_abbrev  0x00001b46      0x1e0 .\CortexM3\ARM_GCC_541\Debug\RG.a(ErikaOS_ee_evclear.o)
 .debug_abbrev  0x00001d26      0x150 .\CortexM3\ARM_GCC_541\Debug\RG.a(ErikaOS_ee_evget.o)
 .debug_abbrev  0x00001e76      0x27f .\CortexM3\ARM_GCC_541\Debug\RG.a(ErikaOS_ee_evset.o)
 .debug_abbrev  0x000020f5      0x25d .\CortexM3\ARM_GCC_541\Debug\RG.a(ErikaOS_ee_evwait.o)
 .debug_abbrev  0x00002352      0x1da .\CortexM3\ARM_GCC_541\Debug\RG.a(ErikaOS_ee_irqendin.o)
 .debug_abbrev  0x0000252c       0xcf .\CortexM3\ARM_GCC_541\Debug\RG.a(ErikaOS_ee_lookup.o)
 .debug_abbrev  0x000025fb       0xfc .\CortexM3\ARM_GCC_541\Debug\RG.a(ErikaOS_ee_rq_exchg.o)
 .debug_abbrev  0x000026f7       0xed .\CortexM3\ARM_GCC_541\Debug\RG.a(ErikaOS_ee_rq_first.o)
 .debug_abbrev  0x000027e4      0x109 .\CortexM3\ARM_GCC_541\Debug\RG.a(ErikaOS_ee_rq_inser.o)
 .debug_abbrev  0x000028ed      0x4a7 .\CortexM3\ARM_GCC_541\Debug\RG.a(ErikaOS_ee_startos.o)
 .debug_abbrev  0x00002d94      0x1de .\CortexM3\ARM_GCC_541\Debug\RG.a(ErikaOS_ee_terminat.o)
 .debug_abbrev  0x00002f72      0x1f0 .\CortexM3\ARM_GCC_541\Debug\RG.a(ErikaOS_cortex_mx_ee_utils.o)
 .debug_abbrev  0x00003162       0xcf .\CortexM3\ARM_GCC_541\Debug\RG.a(ErikaOS_common_ee_hal_structs.o)
 .debug_abbrev  0x00003231      0x130 .\CortexM3\ARM_GCC_541\Debug\RG.a(ErikaOS_eecfg.o)
 .debug_abbrev  0x00003361      0x139 .\CortexM3\ARM_GCC_541\Debug\RG.a(Clock_Counter_RG.o)
 .debug_abbrev  0x0000349a      0x122 .\CortexM3\ARM_GCC_541\Debug\RG.a(Counter.o)
 .debug_abbrev  0x000035bc       0x81 .\CortexM3\ARM_GCC_541\Debug\RG.a(SEVEN_reg.o)
 .debug_abbrev  0x0000363d       0x90 .\CortexM3\ARM_GCC_541\Debug\RG.a(SEVEN_SELECT.o)
 .debug_abbrev  0x000036cd       0x90 .\CortexM3\ARM_GCC_541\Debug\RG.a(SEVEN_DP.o)
 .debug_abbrev  0x0000375d      0x133 .\CortexM3\ARM_GCC_541\Debug\RG.a(PWM_led_red.o)
 .debug_abbrev  0x00003890      0x133 .\CortexM3\ARM_GCC_541\Debug\RG.a(PWM_led_yellow.o)
 .debug_abbrev  0x000039c3      0x133 .\CortexM3\ARM_GCC_541\Debug\RG.a(PWM_led_green.o)
 .debug_abbrev  0x00003af6      0x133 .\CortexM3\ARM_GCC_541\Debug\RG.a(PWM_RGB_green.o)
 .debug_abbrev  0x00003c29      0x133 .\CortexM3\ARM_GCC_541\Debug\RG.a(PWM_RGB_red.o)
 .debug_abbrev  0x00003d5c      0x139 .\CortexM3\ARM_GCC_541\Debug\RG.a(UART_Logs_IntClock.o)
 .debug_abbrev  0x00003e95      0x254 .\CortexM3\ARM_GCC_541\Debug\RG.a(CyLib.o)
 .debug_abbrev  0x000040e9      0x1ab .\CortexM3\ARM_GCC_541\Debug\RG.a(cyPm.o)
 .debug_abbrev  0x00004294       0x14 .\CortexM3\ARM_GCC_541\Debug\RG.a(ErikaOS_ee_gnu_change_context_isr.o)
 .debug_abbrev  0x000042a8       0x14 .\CortexM3\ARM_GCC_541\Debug\RG.a(ErikaOS_ee_gnu_irq_stack.o)
 .debug_abbrev  0x000042bc       0x14 .\CortexM3\ARM_GCC_541\Debug\RG.a(ErikaOS_ee_gnu_multi_context.o)
 .debug_abbrev  0x000042d0       0x14 .\CortexM3\ARM_GCC_541\Debug\RG.a(ErikaOS_ee_gnu_oo.o)
 .debug_abbrev  0x000042e4       0x14 .\CortexM3\ARM_GCC_541\Debug\RG.a(CyBootAsmGnu.o)
 .debug_abbrev  0x000042f8      0x157 .\CortexM3\ARM_GCC_541\Debug\RG.a(ErikaOS_ee_tnterm.o)
 .debug_abbrev  0x0000444f      0x143 .\CortexM3\ARM_GCC_541\Debug\RG.a(ErikaOS_ee_tstub.o)
 .debug_abbrev  0x00004592      0x156 .\CortexM3\ARM_GCC_541\Debug\RG.a(ErikaOS_cortex_mx_ee_context.o)
 .debug_abbrev  0x000046e8      0x1a7 .\CortexM3\ARM_GCC_541\Debug\RG.a(CyFlash.o)
 .debug_abbrev  0x0000488f      0x194 .\CortexM3\ARM_GCC_541\Debug\RG.a(CySpc.o)
 .debug_abbrev  0x00004a23      0x229 .\CortexM3\ARM_GCC_541\Debug\RG.a(ErikaOS_ee_thendin.o)

.debug_line     0x00000000     0x662c
 *(.debug_line)
 .debug_line    0x00000000      0x26b .\CortexM3\ARM_GCC_541\Debug\arcadian.o
 .debug_line    0x0000026b      0x64a .\CortexM3\ARM_GCC_541\Debug\main.o
 .debug_line    0x000008b5      0x46d .\CortexM3\ARM_GCC_541\Debug\reactionGame.o
 .debug_line    0x00000d22      0x287 .\CortexM3\ARM_GCC_541\Debug\button.o
 .debug_line    0x00000fa9      0x2dc .\CortexM3\ARM_GCC_541\Debug\PWM.o
 .debug_line    0x00001285      0x2c4 .\CortexM3\ARM_GCC_541\Debug\seven.o
 .debug_line    0x00001549      0x1f8 .\CortexM3\ARM_GCC_541\Debug\cyfitter_cfg.o
 .debug_line    0x00001741      0x141 .\CortexM3\ARM_GCC_541\Debug\cymetadata.o
 .debug_line    0x00001882      0x234 .\CortexM3\ARM_GCC_541\Debug\Cm3Start.o
 .debug_line    0x00001ab6       0x9b .\CortexM3\ARM_GCC_541\Debug\RG.a(Button_Right_1.o)
 .debug_line    0x00001b51       0x9a .\CortexM3\ARM_GCC_541\Debug\RG.a(Button_Left_1.o)
 .debug_line    0x00001beb       0x9a .\CortexM3\ARM_GCC_541\Debug\RG.a(Button_Left_2.o)
 .debug_line    0x00001c85      0x18f .\CortexM3\ARM_GCC_541\Debug\RG.a(PWM_RGB_blue.o)
 .debug_line    0x00001e14      0x345 .\CortexM3\ARM_GCC_541\Debug\RG.a(UART_Logs.o)
 .debug_line    0x00002159       0xaf .\CortexM3\ARM_GCC_541\Debug\RG.a(UART_Logs_INT.o)
 .debug_line    0x00002208       0x9b .\CortexM3\ARM_GCC_541\Debug\RG.a(Button_Right_2.o)
 .debug_line    0x000022a3      0x1e6 .\CortexM3\ARM_GCC_541\Debug\RG.a(ErikaOS_ee_activate.o)
 .debug_line    0x00002489      0x1bd .\CortexM3\ARM_GCC_541\Debug\RG.a(ErikaOS_ee_alsetrel.o)
 .debug_line    0x00002646      0x2f1 .\CortexM3\ARM_GCC_541\Debug\RG.a(ErikaOS_ee_altick.o)
 .debug_line    0x00002937      0x1c1 .\CortexM3\ARM_GCC_541\Debug\RG.a(ErikaOS_ee_evclear.o)
 .debug_line    0x00002af8      0x14b .\CortexM3\ARM_GCC_541\Debug\RG.a(ErikaOS_ee_evget.o)
 .debug_line    0x00002c43      0x1e3 .\CortexM3\ARM_GCC_541\Debug\RG.a(ErikaOS_ee_evset.o)
 .debug_line    0x00002e26      0x1ef .\CortexM3\ARM_GCC_541\Debug\RG.a(ErikaOS_ee_evwait.o)
 .debug_line    0x00003015      0x190 .\CortexM3\ARM_GCC_541\Debug\RG.a(ErikaOS_ee_irqendin.o)
 .debug_line    0x000031a5      0x10b .\CortexM3\ARM_GCC_541\Debug\RG.a(ErikaOS_ee_lookup.o)
 .debug_line    0x000032b0      0x14b .\CortexM3\ARM_GCC_541\Debug\RG.a(ErikaOS_ee_rq_exchg.o)
 .debug_line    0x000033fb      0x142 .\CortexM3\ARM_GCC_541\Debug\RG.a(ErikaOS_ee_rq_first.o)
 .debug_line    0x0000353d      0x146 .\CortexM3\ARM_GCC_541\Debug\RG.a(ErikaOS_ee_rq_inser.o)
 .debug_line    0x00003683      0x3e8 .\CortexM3\ARM_GCC_541\Debug\RG.a(ErikaOS_ee_startos.o)
 .debug_line    0x00003a6b      0x1ac .\CortexM3\ARM_GCC_541\Debug\RG.a(ErikaOS_ee_terminat.o)
 .debug_line    0x00003c17      0x177 .\CortexM3\ARM_GCC_541\Debug\RG.a(ErikaOS_cortex_mx_ee_utils.o)
 .debug_line    0x00003d8e       0xed .\CortexM3\ARM_GCC_541\Debug\RG.a(ErikaOS_common_ee_hal_structs.o)
 .debug_line    0x00003e7b      0x12c .\CortexM3\ARM_GCC_541\Debug\RG.a(ErikaOS_eecfg.o)
 .debug_line    0x00003fa7      0x17f .\CortexM3\ARM_GCC_541\Debug\RG.a(Clock_Counter_RG.o)
 .debug_line    0x00004126      0x15b .\CortexM3\ARM_GCC_541\Debug\RG.a(Counter.o)
 .debug_line    0x00004281       0x71 .\CortexM3\ARM_GCC_541\Debug\RG.a(SEVEN_reg.o)
 .debug_line    0x000042f2       0x99 .\CortexM3\ARM_GCC_541\Debug\RG.a(SEVEN_SELECT.o)
 .debug_line    0x0000438b       0x95 .\CortexM3\ARM_GCC_541\Debug\RG.a(SEVEN_DP.o)
 .debug_line    0x00004420      0x18b .\CortexM3\ARM_GCC_541\Debug\RG.a(PWM_led_red.o)
 .debug_line    0x000045ab      0x18e .\CortexM3\ARM_GCC_541\Debug\RG.a(PWM_led_yellow.o)
 .debug_line    0x00004739      0x18d .\CortexM3\ARM_GCC_541\Debug\RG.a(PWM_led_green.o)
 .debug_line    0x000048c6      0x190 .\CortexM3\ARM_GCC_541\Debug\RG.a(PWM_RGB_green.o)
 .debug_line    0x00004a56      0x18e .\CortexM3\ARM_GCC_541\Debug\RG.a(PWM_RGB_red.o)
 .debug_line    0x00004be4      0x181 .\CortexM3\ARM_GCC_541\Debug\RG.a(UART_Logs_IntClock.o)
 .debug_line    0x00004d65      0x816 .\CortexM3\ARM_GCC_541\Debug\RG.a(CyLib.o)
 .debug_line    0x0000557b      0x367 .\CortexM3\ARM_GCC_541\Debug\RG.a(cyPm.o)
 .debug_line    0x000058e2       0xac .\CortexM3\ARM_GCC_541\Debug\RG.a(ErikaOS_ee_gnu_change_context_isr.o)
 .debug_line    0x0000598e       0x72 .\CortexM3\ARM_GCC_541\Debug\RG.a(ErikaOS_ee_gnu_irq_stack.o)
 .debug_line    0x00005a00       0x9b .\CortexM3\ARM_GCC_541\Debug\RG.a(ErikaOS_ee_gnu_multi_context.o)
 .debug_line    0x00005a9b       0x97 .\CortexM3\ARM_GCC_541\Debug\RG.a(ErikaOS_ee_gnu_oo.o)
 .debug_line    0x00005b32       0x66 .\CortexM3\ARM_GCC_541\Debug\RG.a(CyBootAsmGnu.o)
 .debug_line    0x00005b98      0x169 .\CortexM3\ARM_GCC_541\Debug\RG.a(ErikaOS_ee_tnterm.o)
 .debug_line    0x00005d01      0x160 .\CortexM3\ARM_GCC_541\Debug\RG.a(ErikaOS_ee_tstub.o)
 .debug_line    0x00005e61      0x19a .\CortexM3\ARM_GCC_541\Debug\RG.a(ErikaOS_cortex_mx_ee_context.o)
 .debug_line    0x00005ffb      0x21a .\CortexM3\ARM_GCC_541\Debug\RG.a(CyFlash.o)
 .debug_line    0x00006215      0x260 .\CortexM3\ARM_GCC_541\Debug\RG.a(CySpc.o)
 .debug_line    0x00006475      0x1b7 .\CortexM3\ARM_GCC_541\Debug\RG.a(ErikaOS_ee_thendin.o)

.debug_frame    0x00000000     0x2998
 *(.debug_frame)
 .debug_frame   0x00000000       0x6c .\CortexM3\ARM_GCC_541\Debug\arcadian.o
 .debug_frame   0x0000006c      0x1b4 .\CortexM3\ARM_GCC_541\Debug\main.o
 .debug_frame   0x00000220      0x1f4 .\CortexM3\ARM_GCC_541\Debug\reactionGame.o
 .debug_frame   0x00000414       0x2c .\CortexM3\ARM_GCC_541\Debug\button.o
 .debug_frame   0x00000440       0x64 .\CortexM3\ARM_GCC_541\Debug\PWM.o
 .debug_frame   0x000004a4       0xcc .\CortexM3\ARM_GCC_541\Debug\seven.o
 .debug_frame   0x00000570       0xe4 .\CortexM3\ARM_GCC_541\Debug\cyfitter_cfg.o
 .debug_frame   0x00000654       0xb8 .\CortexM3\ARM_GCC_541\Debug\Cm3Start.o
 .debug_frame   0x0000070c       0x50 .\CortexM3\ARM_GCC_541\Debug\RG.a(Button_Right_1.o)
 .debug_frame   0x0000075c       0x50 .\CortexM3\ARM_GCC_541\Debug\RG.a(Button_Left_1.o)
 .debug_frame   0x000007ac       0x50 .\CortexM3\ARM_GCC_541\Debug\RG.a(Button_Left_2.o)
 .debug_frame   0x000007fc      0x134 .\CortexM3\ARM_GCC_541\Debug\RG.a(PWM_RGB_blue.o)
 .debug_frame   0x00000930      0x25c .\CortexM3\ARM_GCC_541\Debug\RG.a(UART_Logs.o)
 .debug_frame   0x00000b8c       0x30 .\CortexM3\ARM_GCC_541\Debug\RG.a(UART_Logs_INT.o)
 .debug_frame   0x00000bbc       0x50 .\CortexM3\ARM_GCC_541\Debug\RG.a(Button_Right_2.o)
 .debug_frame   0x00000c0c       0x30 .\CortexM3\ARM_GCC_541\Debug\RG.a(ErikaOS_ee_activate.o)
 .debug_frame   0x00000c3c       0x38 .\CortexM3\ARM_GCC_541\Debug\RG.a(ErikaOS_ee_alsetrel.o)
 .debug_frame   0x00000c74      0x10c .\CortexM3\ARM_GCC_541\Debug\RG.a(ErikaOS_ee_altick.o)
 .debug_frame   0x00000d80       0x38 .\CortexM3\ARM_GCC_541\Debug\RG.a(ErikaOS_ee_evclear.o)
 .debug_frame   0x00000db8       0x20 .\CortexM3\ARM_GCC_541\Debug\RG.a(ErikaOS_ee_evget.o)
 .debug_frame   0x00000dd8       0x30 .\CortexM3\ARM_GCC_541\Debug\RG.a(ErikaOS_ee_evset.o)
 .debug_frame   0x00000e08       0x30 .\CortexM3\ARM_GCC_541\Debug\RG.a(ErikaOS_ee_evwait.o)
 .debug_frame   0x00000e38       0x58 .\CortexM3\ARM_GCC_541\Debug\RG.a(ErikaOS_ee_irqendin.o)
 .debug_frame   0x00000e90       0x3c .\CortexM3\ARM_GCC_541\Debug\RG.a(ErikaOS_ee_rq_exchg.o)
 .debug_frame   0x00000ecc       0x20 .\CortexM3\ARM_GCC_541\Debug\RG.a(ErikaOS_ee_rq_first.o)
 .debug_frame   0x00000eec       0x30 .\CortexM3\ARM_GCC_541\Debug\RG.a(ErikaOS_ee_rq_inser.o)
 .debug_frame   0x00000f1c       0x90 .\CortexM3\ARM_GCC_541\Debug\RG.a(ErikaOS_ee_startos.o)
 .debug_frame   0x00000fac       0x2c .\CortexM3\ARM_GCC_541\Debug\RG.a(ErikaOS_ee_terminat.o)
 .debug_frame   0x00000fd8       0x30 .\CortexM3\ARM_GCC_541\Debug\RG.a(ErikaOS_cortex_mx_ee_utils.o)
 .debug_frame   0x00001008       0xe0 .\CortexM3\ARM_GCC_541\Debug\RG.a(Clock_Counter_RG.o)
 .debug_frame   0x000010e8      0x104 .\CortexM3\ARM_GCC_541\Debug\RG.a(Counter.o)
 .debug_frame   0x000011ec       0x30 .\CortexM3\ARM_GCC_541\Debug\RG.a(SEVEN_reg.o)
 .debug_frame   0x0000121c       0x50 .\CortexM3\ARM_GCC_541\Debug\RG.a(SEVEN_SELECT.o)
 .debug_frame   0x0000126c       0x50 .\CortexM3\ARM_GCC_541\Debug\RG.a(SEVEN_DP.o)
 .debug_frame   0x000012bc      0x134 .\CortexM3\ARM_GCC_541\Debug\RG.a(PWM_led_red.o)
 .debug_frame   0x000013f0      0x134 .\CortexM3\ARM_GCC_541\Debug\RG.a(PWM_led_yellow.o)
 .debug_frame   0x00001524      0x134 .\CortexM3\ARM_GCC_541\Debug\RG.a(PWM_led_green.o)
 .debug_frame   0x00001658      0x134 .\CortexM3\ARM_GCC_541\Debug\RG.a(PWM_RGB_green.o)
 .debug_frame   0x0000178c      0x134 .\CortexM3\ARM_GCC_541\Debug\RG.a(PWM_RGB_red.o)
 .debug_frame   0x000018c0       0xe0 .\CortexM3\ARM_GCC_541\Debug\RG.a(UART_Logs_IntClock.o)
 .debug_frame   0x000019a0      0x738 .\CortexM3\ARM_GCC_541\Debug\RG.a(CyLib.o)
 .debug_frame   0x000020d8      0x1f8 .\CortexM3\ARM_GCC_541\Debug\RG.a(cyPm.o)
 .debug_frame   0x000022d0       0x2c .\CortexM3\ARM_GCC_541\Debug\RG.a(ErikaOS_ee_tnterm.o)
 .debug_frame   0x000022fc       0x2c .\CortexM3\ARM_GCC_541\Debug\RG.a(ErikaOS_ee_tstub.o)
 .debug_frame   0x00002328       0x3c .\CortexM3\ARM_GCC_541\Debug\RG.a(ErikaOS_cortex_mx_ee_context.o)
 .debug_frame   0x00002364      0x194 .\CortexM3\ARM_GCC_541\Debug\RG.a(CyFlash.o)
 .debug_frame   0x000024f8      0x180 .\CortexM3\ARM_GCC_541\Debug\RG.a(CySpc.o)
 .debug_frame   0x00002678       0x5c .\CortexM3\ARM_GCC_541\Debug\RG.a(ErikaOS_ee_thendin.o)
 .debug_frame   0x000026d4       0x20 c:/program files (x86)/cypress/psoc creator/4.4/psoc creator/import/gnu/arm/5.4.1/bin/../lib/gcc/arm-none-eabi/5.4.1/../../../../arm-none-eabi/lib/armv7-m\libg_nano.a(lib_a-errno.o)
 .debug_frame   0x000026f4       0x28 c:/program files (x86)/cypress/psoc creator/4.4/psoc creator/import/gnu/arm/5.4.1/bin/../lib/gcc/arm-none-eabi/5.4.1/../../../../arm-none-eabi/lib/armv7-m\libg_nano.a(lib_a-exit.o)
 .debug_frame   0x0000271c       0x2c c:/program files (x86)/cypress/psoc creator/4.4/psoc creator/import/gnu/arm/5.4.1/bin/../lib/gcc/arm-none-eabi/5.4.1/../../../../arm-none-eabi/lib/armv7-m\libg_nano.a(lib_a-init.o)
 .debug_frame   0x00002748       0x28 c:/program files (x86)/cypress/psoc creator/4.4/psoc creator/import/gnu/arm/5.4.1/bin/../lib/gcc/arm-none-eabi/5.4.1/../../../../arm-none-eabi/lib/armv7-m\libg_nano.a(lib_a-memcpy-stub.o)
 .debug_frame   0x00002770       0x20 c:/program files (x86)/cypress/psoc creator/4.4/psoc creator/import/gnu/arm/5.4.1/bin/../lib/gcc/arm-none-eabi/5.4.1/../../../../arm-none-eabi/lib/armv7-m\libg_nano.a(lib_a-memset.o)
 .debug_frame   0x00002790       0x44 c:/program files (x86)/cypress/psoc creator/4.4/psoc creator/import/gnu/arm/5.4.1/bin/../lib/gcc/arm-none-eabi/5.4.1/../../../../arm-none-eabi/lib/armv7-m\libg_nano.a(lib_a-rand.o)
 .debug_frame   0x000027d4       0x2c c:/program files (x86)/cypress/psoc creator/4.4/psoc creator/import/gnu/arm/5.4.1/bin/../lib/gcc/arm-none-eabi/5.4.1/../../../../arm-none-eabi/lib/armv7-m\libg_nano.a(lib_a-time.o)
 .debug_frame   0x00002800       0x2c c:/program files (x86)/cypress/psoc creator/4.4/psoc creator/import/gnu/arm/5.4.1/bin/../lib/gcc/arm-none-eabi/5.4.1/../../../../arm-none-eabi/lib/armv7-m\libg_nano.a(lib_a-gettimeofdayr.o)
 .debug_frame   0x0000282c       0x30 c:/program files (x86)/cypress/psoc creator/4.4/psoc creator/import/gnu/arm/5.4.1/bin/../lib/gcc/arm-none-eabi/5.4.1/../../../../arm-none-eabi/lib/armv7-m\libg_nano.a(lib_a-malloc.o)
 .debug_frame   0x0000285c       0x38 c:/program files (x86)/cypress/psoc creator/4.4/psoc creator/import/gnu/arm/5.4.1/bin/../lib/gcc/arm-none-eabi/5.4.1/../../../../arm-none-eabi/lib/armv7-m\libg_nano.a(lib_a-nano-freer.o)
 .debug_frame   0x00002894       0x2c c:/program files (x86)/cypress/psoc creator/4.4/psoc creator/import/gnu/arm/5.4.1/bin/../lib/gcc/arm-none-eabi/5.4.1/../../../../arm-none-eabi/lib/armv7-m\libg_nano.a(lib_a-nano-mallocr.o)
 .debug_frame   0x000028c0       0x5c c:/program files (x86)/cypress/psoc creator/4.4/psoc creator/import/gnu/arm/5.4.1/bin/../lib/gcc/arm-none-eabi/5.4.1/../../../../arm-none-eabi/lib/armv7-m\libg_nano.a(lib_a-reent.o)
 .debug_frame   0x0000291c       0x2c c:/program files (x86)/cypress/psoc creator/4.4/psoc creator/import/gnu/arm/5.4.1/bin/../lib/gcc/arm-none-eabi/5.4.1/../../../../arm-none-eabi/lib/armv7-m\libg_nano.a(lib_a-sbrkr.o)
 .debug_frame   0x00002948       0x30 c:/program files (x86)/cypress/psoc creator/4.4/psoc creator/import/gnu/arm/5.4.1/bin/../lib/gcc/arm-none-eabi/5.4.1/../../../../arm-none-eabi/lib/armv7-m\libg_nano.a(lib_a-mlock.o)
 .debug_frame   0x00002978       0x20 c:/program files (x86)/cypress/psoc creator/4.4/psoc creator/import/gnu/arm/5.4.1/bin/../lib/gcc/arm-none-eabi/5.4.1/../../../../arm-none-eabi/lib/armv7-m\libnosys.a(gettod.o)

.debug_str      0x00000000     0x4d2e
 *(.debug_str)
 .debug_str     0x00000000      0x4d6 .\CortexM3\ARM_GCC_541\Debug\arcadian.o
                                0x549 (size before relaxing)
 .debug_str     0x000004d6      0x5ec .\CortexM3\ARM_GCC_541\Debug\main.o
                                0x91b (size before relaxing)
 .debug_str     0x00000ac2      0x1ab .\CortexM3\ARM_GCC_541\Debug\reactionGame.o
                                0x7fd (size before relaxing)
 .debug_str     0x00000c6d       0x75 .\CortexM3\ARM_GCC_541\Debug\button.o
                                0x2e8 (size before relaxing)
 .debug_str     0x00000ce2      0x1bb .\CortexM3\ARM_GCC_541\Debug\PWM.o
                                0x626 (size before relaxing)
 .debug_str     0x00000e9d       0xb7 .\CortexM3\ARM_GCC_541\Debug\seven.o
                                0x4f3 (size before relaxing)
 .debug_str     0x00000f54      0x1a2 .\CortexM3\ARM_GCC_541\Debug\cyfitter_cfg.o
                                0x325 (size before relaxing)
 .debug_str     0x000010f6       0x75 .\CortexM3\ARM_GCC_541\Debug\cymetadata.o
                                0x1c5 (size before relaxing)
 .debug_str     0x0000116b      0x139 .\CortexM3\ARM_GCC_541\Debug\Cm3Start.o
                                0x2eb (size before relaxing)
 .debug_str     0x000012a4       0x84 .\CortexM3\ARM_GCC_541\Debug\RG.a(Button_Right_1.o)
                                0x1f0 (size before relaxing)
 .debug_str     0x00001328       0x70 .\CortexM3\ARM_GCC_541\Debug\RG.a(Button_Left_1.o)
                                0x1eb (size before relaxing)
 .debug_str     0x00001398       0x70 .\CortexM3\ARM_GCC_541\Debug\RG.a(Button_Left_2.o)
                                0x1eb (size before relaxing)
 .debug_str     0x00001408      0x1fc .\CortexM3\ARM_GCC_541\Debug\RG.a(PWM_RGB_blue.o)
                                0x3c4 (size before relaxing)
 .debug_str     0x00001604      0x459 .\CortexM3\ARM_GCC_541\Debug\RG.a(UART_Logs.o)
                                0x641 (size before relaxing)
 .debug_str     0x00001a5d       0x6d .\CortexM3\ARM_GCC_541\Debug\RG.a(UART_Logs_INT.o)
                                0x2a6 (size before relaxing)
 .debug_str     0x00001aca       0x74 .\CortexM3\ARM_GCC_541\Debug\RG.a(Button_Right_2.o)
                                0x1f0 (size before relaxing)
 .debug_str     0x00001b3e      0x5c6 .\CortexM3\ARM_GCC_541\Debug\RG.a(ErikaOS_ee_activate.o)
                                0x7e6 (size before relaxing)
 .debug_str     0x00002104       0xa1 .\CortexM3\ARM_GCC_541\Debug\RG.a(ErikaOS_ee_alsetrel.o)
                                0x5de (size before relaxing)
 .debug_str     0x000021a5      0x230 .\CortexM3\ARM_GCC_541\Debug\RG.a(ErikaOS_ee_altick.o)
                                0xa41 (size before relaxing)
 .debug_str     0x000023d5       0x2c .\CortexM3\ARM_GCC_541\Debug\RG.a(ErikaOS_ee_evclear.o)
                                0x5be (size before relaxing)
 .debug_str     0x00002401       0x5b .\CortexM3\ARM_GCC_541\Debug\RG.a(ErikaOS_ee_evget.o)
                                0x52e (size before relaxing)
 .debug_str     0x0000245c       0x2a .\CortexM3\ARM_GCC_541\Debug\RG.a(ErikaOS_ee_evset.o)
                                0x7be (size before relaxing)
 .debug_str     0x00002486       0x8d .\CortexM3\ARM_GCC_541\Debug\RG.a(ErikaOS_ee_evwait.o)
                                0x802 (size before relaxing)
 .debug_str     0x00002513       0xc8 .\CortexM3\ARM_GCC_541\Debug\RG.a(ErikaOS_ee_irqendin.o)
                                0x69b (size before relaxing)
 .debug_str     0x000025db       0x2b .\CortexM3\ARM_GCC_541\Debug\RG.a(ErikaOS_ee_lookup.o)
                                0x46a (size before relaxing)
 .debug_str     0x00002606       0x85 .\CortexM3\ARM_GCC_541\Debug\RG.a(ErikaOS_ee_rq_exchg.o)
                                0x4dc (size before relaxing)
 .debug_str     0x0000268b       0x2d .\CortexM3\ARM_GCC_541\Debug\RG.a(ErikaOS_ee_rq_first.o)
                                0x4a7 (size before relaxing)
 .debug_str     0x000026b8       0x38 .\CortexM3\ARM_GCC_541\Debug\RG.a(ErikaOS_ee_rq_inser.o)
                                0x4e1 (size before relaxing)
 .debug_str     0x000026f0      0xeb4 .\CortexM3\ARM_GCC_541\Debug\RG.a(ErikaOS_ee_startos.o)
                               0x170d (size before relaxing)
 .debug_str     0x000035a4       0x5b .\CortexM3\ARM_GCC_541\Debug\RG.a(ErikaOS_ee_terminat.o)
                                0x5cb (size before relaxing)
 .debug_str     0x000035ff       0x80 .\CortexM3\ARM_GCC_541\Debug\RG.a(ErikaOS_cortex_mx_ee_utils.o)
                                0x539 (size before relaxing)
 .debug_str     0x0000367f       0x37 .\CortexM3\ARM_GCC_541\Debug\RG.a(ErikaOS_common_ee_hal_structs.o)
                                0x476 (size before relaxing)
 .debug_str     0x000036b6      0x188 .\CortexM3\ARM_GCC_541\Debug\RG.a(ErikaOS_eecfg.o)
                                0x7af (size before relaxing)
 .debug_str     0x0000383e      0x1b7 .\CortexM3\ARM_GCC_541\Debug\RG.a(Clock_Counter_RG.o)
                                0x33b (size before relaxing)
 .debug_str     0x000039f5      0x104 .\CortexM3\ARM_GCC_541\Debug\RG.a(Counter.o)
                                0x2da (size before relaxing)
 .debug_str     0x00003af9       0x32 .\CortexM3\ARM_GCC_541\Debug\RG.a(SEVEN_reg.o)
                                0x19c (size before relaxing)
 .debug_str     0x00003b2b       0x6b .\CortexM3\ARM_GCC_541\Debug\RG.a(SEVEN_SELECT.o)
                                0x1e6 (size before relaxing)
 .debug_str     0x00003b96       0x5b .\CortexM3\ARM_GCC_541\Debug\RG.a(SEVEN_DP.o)
                                0x1d2 (size before relaxing)
 .debug_str     0x00003bf1      0x194 .\CortexM3\ARM_GCC_541\Debug\RG.a(PWM_led_red.o)
                                0x3a4 (size before relaxing)
 .debug_str     0x00003d85      0x1c4 .\CortexM3\ARM_GCC_541\Debug\RG.a(PWM_led_yellow.o)
                                0x3dd (size before relaxing)